Archive member included to satisfy reference by file (symbol)

/home/zhonx/.opt/AC6/plugins/fr.ac6.mcu.externaltools.arm-none.linux64_1.17.0.201812190825/tools/compiler/bin/../lib/gcc/arm-none-eabi/7.3.1/../../../../arm-none-eabi/lib/thumb/v7e-m/fpv5/hard/libm.a(lib_a-s_sin.o)
                              Peripheral/Src/wave_generation.o (sin)
/home/zhonx/.opt/AC6/plugins/fr.ac6.mcu.externaltools.arm-none.linux64_1.17.0.201812190825/tools/compiler/bin/../lib/gcc/arm-none-eabi/7.3.1/../../../../arm-none-eabi/lib/thumb/v7e-m/fpv5/hard/libm.a(lib_a-w_pow.o)
                              Peripheral/Src/wave_generation.o (pow)
/home/zhonx/.opt/AC6/plugins/fr.ac6.mcu.externaltools.arm-none.linux64_1.17.0.201812190825/tools/compiler/bin/../lib/gcc/arm-none-eabi/7.3.1/../../../../arm-none-eabi/lib/thumb/v7e-m/fpv5/hard/libm.a(lib_a-e_pow.o)
                              /home/zhonx/.opt/AC6/plugins/fr.ac6.mcu.externaltools.arm-none.linux64_1.17.0.201812190825/tools/compiler/bin/../lib/gcc/arm-none-eabi/7.3.1/../../../../arm-none-eabi/lib/thumb/v7e-m/fpv5/hard/libm.a(lib_a-w_pow.o) (__ieee754_pow)
/home/zhonx/.opt/AC6/plugins/fr.ac6.mcu.externaltools.arm-none.linux64_1.17.0.201812190825/tools/compiler/bin/../lib/gcc/arm-none-eabi/7.3.1/../../../../arm-none-eabi/lib/thumb/v7e-m/fpv5/hard/libm.a(lib_a-e_rem_pio2.o)
                              /home/zhonx/.opt/AC6/plugins/fr.ac6.mcu.externaltools.arm-none.linux64_1.17.0.201812190825/tools/compiler/bin/../lib/gcc/arm-none-eabi/7.3.1/../../../../arm-none-eabi/lib/thumb/v7e-m/fpv5/hard/libm.a(lib_a-s_sin.o) (__ieee754_rem_pio2)
/home/zhonx/.opt/AC6/plugins/fr.ac6.mcu.externaltools.arm-none.linux64_1.17.0.201812190825/tools/compiler/bin/../lib/gcc/arm-none-eabi/7.3.1/../../../../arm-none-eabi/lib/thumb/v7e-m/fpv5/hard/libm.a(lib_a-e_sqrt.o)
                              /home/zhonx/.opt/AC6/plugins/fr.ac6.mcu.externaltools.arm-none.linux64_1.17.0.201812190825/tools/compiler/bin/../lib/gcc/arm-none-eabi/7.3.1/../../../../arm-none-eabi/lib/thumb/v7e-m/fpv5/hard/libm.a(lib_a-e_pow.o) (__ieee754_sqrt)
/home/zhonx/.opt/AC6/plugins/fr.ac6.mcu.externaltools.arm-none.linux64_1.17.0.201812190825/tools/compiler/bin/../lib/gcc/arm-none-eabi/7.3.1/../../../../arm-none-eabi/lib/thumb/v7e-m/fpv5/hard/libm.a(lib_a-k_cos.o)
                              /home/zhonx/.opt/AC6/plugins/fr.ac6.mcu.externaltools.arm-none.linux64_1.17.0.201812190825/tools/compiler/bin/../lib/gcc/arm-none-eabi/7.3.1/../../../../arm-none-eabi/lib/thumb/v7e-m/fpv5/hard/libm.a(lib_a-s_sin.o) (__kernel_cos)
/home/zhonx/.opt/AC6/plugins/fr.ac6.mcu.externaltools.arm-none.linux64_1.17.0.201812190825/tools/compiler/bin/../lib/gcc/arm-none-eabi/7.3.1/../../../../arm-none-eabi/lib/thumb/v7e-m/fpv5/hard/libm.a(lib_a-k_rem_pio2.o)
                              /home/zhonx/.opt/AC6/plugins/fr.ac6.mcu.externaltools.arm-none.linux64_1.17.0.201812190825/tools/compiler/bin/../lib/gcc/arm-none-eabi/7.3.1/../../../../arm-none-eabi/lib/thumb/v7e-m/fpv5/hard/libm.a(lib_a-e_rem_pio2.o) (__kernel_rem_pio2)
/home/zhonx/.opt/AC6/plugins/fr.ac6.mcu.externaltools.arm-none.linux64_1.17.0.201812190825/tools/compiler/bin/../lib/gcc/arm-none-eabi/7.3.1/../../../../arm-none-eabi/lib/thumb/v7e-m/fpv5/hard/libm.a(lib_a-k_sin.o)
                              /home/zhonx/.opt/AC6/plugins/fr.ac6.mcu.externaltools.arm-none.linux64_1.17.0.201812190825/tools/compiler/bin/../lib/gcc/arm-none-eabi/7.3.1/../../../../arm-none-eabi/lib/thumb/v7e-m/fpv5/hard/libm.a(lib_a-s_sin.o) (__kernel_sin)
/home/zhonx/.opt/AC6/plugins/fr.ac6.mcu.externaltools.arm-none.linux64_1.17.0.201812190825/tools/compiler/bin/../lib/gcc/arm-none-eabi/7.3.1/../../../../arm-none-eabi/lib/thumb/v7e-m/fpv5/hard/libm.a(lib_a-s_fabs.o)
                              /home/zhonx/.opt/AC6/plugins/fr.ac6.mcu.externaltools.arm-none.linux64_1.17.0.201812190825/tools/compiler/bin/../lib/gcc/arm-none-eabi/7.3.1/../../../../arm-none-eabi/lib/thumb/v7e-m/fpv5/hard/libm.a(lib_a-e_pow.o) (fabs)
/home/zhonx/.opt/AC6/plugins/fr.ac6.mcu.externaltools.arm-none.linux64_1.17.0.201812190825/tools/compiler/bin/../lib/gcc/arm-none-eabi/7.3.1/../../../../arm-none-eabi/lib/thumb/v7e-m/fpv5/hard/libm.a(lib_a-s_finite.o)
                              /home/zhonx/.opt/AC6/plugins/fr.ac6.mcu.externaltools.arm-none.linux64_1.17.0.201812190825/tools/compiler/bin/../lib/gcc/arm-none-eabi/7.3.1/../../../../arm-none-eabi/lib/thumb/v7e-m/fpv5/hard/libm.a(lib_a-w_pow.o) (finite)
/home/zhonx/.opt/AC6/plugins/fr.ac6.mcu.externaltools.arm-none.linux64_1.17.0.201812190825/tools/compiler/bin/../lib/gcc/arm-none-eabi/7.3.1/../../../../arm-none-eabi/lib/thumb/v7e-m/fpv5/hard/libm.a(lib_a-s_floor.o)
                              /home/zhonx/.opt/AC6/plugins/fr.ac6.mcu.externaltools.arm-none.linux64_1.17.0.201812190825/tools/compiler/bin/../lib/gcc/arm-none-eabi/7.3.1/../../../../arm-none-eabi/lib/thumb/v7e-m/fpv5/hard/libm.a(lib_a-k_rem_pio2.o) (floor)
[...]
Memory Configuration

Name             Origin             Length             Attributes
DTCMRAM          0x0000000020000000 0x0000000000020000 xrw
RAM_D1           0x0000000024000000 0x0000000000080000 xrw
RAM_D2           0x0000000030000000 0x0000000000048000 xrw
RAM_D3           0x0000000038000000 0x0000000000010000 xrw
ITCMRAM          0x0000000000000000 0x0000000000010000 xrw
FLASH            0x0000000008000000 0x0000000000200000 xr
*default*        0x0000000000000000 0xffffffffffffffff

Linker script and memory map

LOAD /home/zhonx/.opt/AC6/plugins/fr.ac6.mcu.externaltools.arm-none.linux64_1.17.0.201812190825/tools/compiler/bin/../lib/gcc/arm-none-eabi/7.3.1/thumb/v7e-m/fpv5/hard/crti.o
LOAD /home/zhonx/.opt/AC6/plugins/fr.ac6.mcu.externaltools.arm-none.linux64_1.17.0.201812190825/tools/compiler/bin/../lib/gcc/arm-none-eabi/7.3.1/thumb/v7e-m/fpv5/hard/crtbegin.o
LOAD /home/zhonx/.opt/AC6/plugins/fr.ac6.mcu.externaltools.arm-none.linux64_1.17.0.201812190825/tools/compiler/bin/../lib/gcc/arm-none-eabi/7.3.1/../../../../arm-none-eabi/lib/thumb/v7e-m/fpv5/hard/crt0.o
LOAD Core/Src/adc.o
LOAD Core/Src/dac.o
LOAD Core/Src/debug.o
LOAD Core/Src/dma.o
LOAD Core/Src/gpio.o
LOAD Core/Src/hrtim.o
LOAD Core/Src/main.o
LOAD Core/Src/stm32h7xx_hal_msp.o
LOAD Core/Src/stm32h7xx_it.o
LOAD Core/Src/syscalls.o
LOAD Core/Src/system_stm32h7xx.o
LOAD Core/Src/tim.o
LOAD Core/Src/usart.o
LOAD Drivers/CMSIS/DSP/Source/BasicMathFunctions/arm_abs_f32.o
LOAD Drivers/CMSIS/DSP/Source/BasicMathFunctions/arm_abs_q31.o
LOAD Drivers/CMSIS/DSP/Source/BasicMathFunctions/arm_add_f32.o
LOAD Drivers/CMSIS/DSP/Source/BasicMathFunctions/arm_add_q31.o
LOAD Drivers/CMSIS/DSP/Source/BasicMathFunctions/arm_dot_prod_f32.o
LOAD Drivers/CMSIS/DSP/Source/BasicMathFunctions/arm_dot_prod_q31.o
LOAD Drivers/CMSIS/DSP/Source/BasicMathFunctions/arm_mult_f32.o
LOAD Drivers/CMSIS/DSP/Source/BasicMathFunctions/arm_mult_q31.o
LOAD Drivers/CMSIS/DSP/Source/BasicMathFunctions/arm_negate_f32.o
LOAD Drivers/CMSIS/DSP/Source/BasicMathFunctions/arm_negate_q31.o
LOAD Drivers/CMSIS/DSP/Source/BasicMathFunctions/arm_offset_f32.o
LOAD Drivers/CMSIS/DSP/Source/BasicMathFunctions/arm_offset_q31.o
LOAD Drivers/CMSIS/DSP/Source/BasicMathFunctions/arm_scale_f32.o
LOAD Drivers/CMSIS/DSP/Source/BasicMathFunctions/arm_scale_q31.o
LOAD Drivers/CMSIS/DSP/Source/BasicMathFunctions/arm_shift_q31.o
LOAD Drivers/CMSIS/DSP/Source/BasicMathFunctions/arm_sub_f32.o
LOAD Drivers/CMSIS/DSP/Source/BasicMathFunctions/arm_sub_q31.o
LOAD Drivers/STM32H7xx_HAL_Driver/Src/stm32h7xx_hal.o
LOAD Drivers/STM32H7xx_HAL_Driver/Src/stm32h7xx_hal_adc.o
LOAD Drivers/STM32H7xx_HAL_Driver/Src/stm32h7xx_hal_adc_ex.o
LOAD Drivers/STM32H7xx_HAL_Driver/Src/stm32h7xx_hal_cortex.o
LOAD Drivers/STM32H7xx_HAL_Driver/Src/stm32h7xx_hal_dac.o
LOAD Drivers/STM32H7xx_HAL_Driver/Src/stm32h7xx_hal_dac_ex.o
LOAD Drivers/STM32H7xx_HAL_Driver/Src/stm32h7xx_hal_dma.o
LOAD Drivers/STM32H7xx_HAL_Driver/Src/stm32h7xx_hal_dma_ex.o
LOAD Drivers/STM32H7xx_HAL_Driver/Src/stm32h7xx_hal_flash.o
LOAD Drivers/STM32H7xx_HAL_Driver/Src/stm32h7xx_hal_flash_ex.o
LOAD Drivers/STM32H7xx_HAL_Driver/Src/stm32h7xx_hal_gpio.o
LOAD Drivers/STM32H7xx_HAL_Driver/Src/stm32h7xx_hal_hrtim.o
LOAD Drivers/STM32H7xx_HAL_Driver/Src/stm32h7xx_hal_hsem.o
LOAD Drivers/STM32H7xx_HAL_Driver/Src/stm32h7xx_hal_i2c.o
LOAD Drivers/STM32H7xx_HAL_Driver/Src/stm32h7xx_hal_i2c_ex.o
LOAD Drivers/STM32H7xx_HAL_Driver/Src/stm32h7xx_hal_mdma.o
LOAD Drivers/STM32H7xx_HAL_Driver/Src/stm32h7xx_hal_pwr.o
LOAD Drivers/STM32H7xx_HAL_Driver/Src/stm32h7xx_hal_pwr_ex.o
LOAD Drivers/STM32H7xx_HAL_Driver/Src/stm32h7xx_hal_rcc.o
LOAD Drivers/STM32H7xx_HAL_Driver/Src/stm32h7xx_hal_rcc_ex.o
LOAD Drivers/STM32H7xx_HAL_Driver/Src/stm32h7xx_hal_tim.o
LOAD Drivers/STM32H7xx_HAL_Driver/Src/stm32h7xx_hal_tim_ex.o
LOAD Drivers/STM32H7xx_HAL_Driver/Src/stm32h7xx_hal_uart.o
LOAD Drivers/STM32H7xx_HAL_Driver/Src/stm32h7xx_hal_uart_ex.o
LOAD Peripheral/Src/cis.o
LOAD Peripheral/Src/synth.o
LOAD Peripheral/Src/times_base.o
LOAD Peripheral/Src/wave_generation.o
LOAD Peripheral/Src/wave_sommation.o
LOAD startup/startup_stm32h743xx.o
LOAD /home/zhonx/.opt/AC6/plugins/fr.ac6.mcu.externaltools.arm-none.linux64_1.17.0.201812190825/tools/compiler/bin/../lib/gcc/arm-none-eabi/7.3.1/../../../../arm-none-eabi/lib/thumb/v7e-m/fpv5/hard/libm.a
START GROUP
LOAD /home/zhonx/.opt/AC6/plugins/fr.ac6.mcu.externaltools.arm-none.linux64_1.17.0.201812190825/tools/compiler/bin/../lib/gcc/arm-none-eabi/7.3.1/thumb/v7e-m/fpv5/hard/libgcc.a
LOAD /home/zhonx/.opt/AC6/plugins/fr.ac6.mcu.externaltools.arm-none.linux64_1.17.0.201812190825/tools/compiler/bin/../lib/gcc/arm-none-eabi/7.3.1/../../../../arm-none-eabi/lib/thumb/v7e-m/fpv5/hard/libc_nano.a
END GROUP
START GROUP
LOAD /home/zhonx/.opt/AC6/plugins/fr.ac6.mcu.externaltools.arm-none.linux64_1.17.0.201812190825/tools/compiler/bin/../lib/gcc/arm-none-eabi/7.3.1/thumb/v7e-m/fpv5/hard/libgcc.a
LOAD /home/zhonx/.opt/AC6/plugins/fr.ac6.mcu.externaltools.arm-none.linux64_1.17.0.201812190825/tools/compiler/bin/../lib/gcc/arm-none-eabi/7.3.1/../../../../arm-none-eabi/lib/thumb/v7e-m/fpv5/hard/libc_nano.a
LOAD /home/zhonx/.opt/AC6/plugins/fr.ac6.mcu.externaltools.arm-none.linux64_1.17.0.201812190825/tools/compiler/bin/../lib/gcc/arm-none-eabi/7.3.1/../../../../arm-none-eabi/lib/thumb/v7e-m/fpv5/hard/libnosys.a
END GROUP
START GROUP
LOAD /home/zhonx/.opt/AC6/plugins/fr.ac6.mcu.externaltools.arm-none.linux64_1.17.0.201812190825/tools/compiler/bin/../lib/gcc/arm-none-eabi/7.3.1/thumb/v7e-m/fpv5/hard/libgcc.a
LOAD /home/zhonx/.opt/AC6/plugins/fr.ac6.mcu.externaltools.arm-none.linux64_1.17.0.201812190825/tools/compiler/bin/../lib/gcc/arm-none-eabi/7.3.1/../../../../arm-none-eabi/lib/thumb/v7e-m/fpv5/hard/libc_nano.a
LOAD /home/zhonx/.opt/AC6/plugins/fr.ac6.mcu.externaltools.arm-none.linux64_1.17.0.201812190825/tools/compiler/bin/../lib/gcc/arm-none-eabi/7.3.1/../../../../arm-none-eabi/lib/thumb/v7e-m/fpv5/hard/libnosys.a
END GROUP
LOAD /home/zhonx/.opt/AC6/plugins/fr.ac6.mcu.externaltools.arm-none.linux64_1.17.0.201812190825/tools/compiler/bin/../lib/gcc/arm-none-eabi/7.3.1/thumb/v7e-m/fpv5/hard/crtend.o
LOAD /home/zhonx/.opt/AC6/plugins/fr.ac6.mcu.externaltools.arm-none.linux64_1.17.0.201812190825/tools/compiler/bin/../lib/gcc/arm-none-eabi/7.3.1/thumb/v7e-m/fpv5/hard/crtn.o
                0x0000000024080000                _estack = 0x24080000
                0x0000000000000200                _Min_Heap_Size = 0x200
                0x0000000000000400                _Min_Stack_Size = 0x400

.isr_vector     0x0000000008000000      0x298
                0x0000000008000000                . = ALIGN (0x4)
 *(.isr_vector)
 .isr_vector    0x0000000008000000      0x298 startup/startup_stm32h743xx.o
                0x0000000008000000                g_pfnVectors
                0x0000000008000298                . = ALIGN (0x4)

.text           0x00000000080002a0     0xe954
                0x00000000080002a0                . = ALIGN (0x4)
 *(.text)
 .text          0x00000000080002a0       0x40 /home/zhonx/.opt/AC6/plugins/fr.ac6.mcu.externaltools.arm-none.linux64_1.17.0.201812190825/tools/compiler/bin/../lib/gcc/arm-none-eabi/7.3.1/thumb/v7e-m/fpv5/hard/crtbegin.o
 .text          0x00000000080002e0       0x30 /home/zhonx/.opt/AC6/plugins/fr.ac6.mcu.externaltools.arm-none.linux64_1.17.0.201812190825/tools/compiler/bin/../lib/gcc/arm-none-eabi/7.3.1/thumb/v7e-m/fpv5/hard/libgcc.a(_aeabi_uldivmod.o)
                0x00000000080002e0                __aeabi_uldivmod
 .text          0x0000000008000310      0x2cc /home/zhonx/.opt/AC6/plugins/fr.ac6.mcu.externaltools.arm-none.linux64_1.17.0.201812190825/tools/compiler/bin/../lib/gcc/arm-none-eabi/7.3.1/thumb/v7e-m/fpv5/hard/libgcc.a(_udivmoddi4.o)
                0x0000000008000310                __udivmoddi4
 .text          0x00000000080005dc        0x4 /home/zhonx/.opt/AC6/plugins/fr.ac6.mcu.externaltools.arm-none.linux64_1.17.0.201812190825/tools/compiler/bin/../lib/gcc/arm-none-eabi/7.3.1/thumb/v7e-m/fpv5/hard/libgcc.a(_dvmd_tls.o)
                0x00000000080005dc                __aeabi_ldiv0
                0x00000000080005dc                __aeabi_idiv0
 .text          0x00000000080005e0       0x10 /home/zhonx/.opt/AC6/plugins/fr.ac6.mcu.externaltools.arm-none.linux64_1.17.0.201812190825/tools/compiler/bin/../lib/gcc/arm-none-eabi/7.3.1/../../../../arm-none-eabi/lib/thumb/v7e-m/fpv5/hard/libc_nano.a(lib_a-strlen.o)
                0x00000000080005e0                strlen
 .text          0x00000000080005f0       0xa0 /home/zhonx/.opt/AC6/plugins/fr.ac6.mcu.externaltools.arm-none.linux64_1.17.0.201812190825/tools/compiler/bin/../lib/gcc/arm-none-eabi/7.3.1/../../../../arm-none-eabi/lib/thumb/v7e-m/fpv5/hard/libc_nano.a(lib_a-memchr.o)
                0x00000000080005f0                memchr
 *(.text*)
 .text.MX_ADC2_Init
                0x0000000008000690       0x94 Core/Src/adc.o
                0x0000000008000690                MX_ADC2_Init
 .text.HAL_ADC_MspInit
                0x0000000008000724      0x118 Core/Src/adc.o
                0x0000000008000724                HAL_ADC_MspInit
 .text.MX_DAC1_Init
                0x000000000800083c       0x64 Core/Src/dac.o
                0x000000000800083c                MX_DAC1_Init
 .text.HAL_DAC_MspInit
                0x00000000080008a0       0x70 Core/Src/dac.o
                0x00000000080008a0                HAL_DAC_MspInit
 .text.MX_DMA_Init
                0x0000000008000910       0x34 Core/Src/dma.o
                0x0000000008000910                MX_DMA_Init
 .text.MX_GPIO_Init
                0x0000000008000944      0x2e8 Core/Src/gpio.o
                0x0000000008000944                MX_GPIO_Init
 .text.HAL_HRTIM_MspInit
                0x0000000008000c2c       0x48 Core/Src/hrtim.o
                0x0000000008000c2c                HAL_HRTIM_MspInit
 .text.HAL_HRTIM_MspPostInit
                0x0000000008000c74       0x60 Core/Src/hrtim.o
                0x0000000008000c74                HAL_HRTIM_MspPostInit
 .text.Error_Handler
                0x0000000008000cd4       0x10 Core/Src/main.o
                0x0000000008000cd4                Error_Handler
 .text.SystemClock_Config
                0x0000000008000ce4       0xe8 Core/Src/main.o
                0x0000000008000ce4                SystemClock_Config
 .text.startup.main
                0x0000000008000dcc      0x188 Core/Src/main.o
                0x0000000008000dcc                main
 .text.assert_failed
                0x0000000008000f54       0x10 Core/Src/main.o
                0x0000000008000f54                assert_failed
 .text.HAL_MspInit
                0x0000000008000f64       0x78 Core/Src/stm32h7xx_hal_msp.o
                0x0000000008000f64                HAL_MspInit
 .text.SVC_Handler
                0x0000000008000fdc        0x4 Core/Src/stm32h7xx_it.o
                0x0000000008000fdc                SVC_Handler
 .text.PendSV_Handler
                0x0000000008000fe0        0x4 Core/Src/stm32h7xx_it.o
                0x0000000008000fe0                PendSV_Handler
 .text.SysTick_Handler
                0x0000000008000fe4        0x4 Core/Src/stm32h7xx_it.o
                0x0000000008000fe4                SysTick_Handler
 .text.DMA1_Stream0_IRQHandler
                0x0000000008000fe8        0xc Core/Src/stm32h7xx_it.o
                0x0000000008000fe8                DMA1_Stream0_IRQHandler
 .text.ADC_IRQHandler
                0x0000000008000ff4       0x1c Core/Src/stm32h7xx_it.o
                0x0000000008000ff4                ADC_IRQHandler
 .text.EXTI15_10_IRQHandler
                0x0000000008001010        0x8 Core/Src/stm32h7xx_it.o
                0x0000000008001010                EXTI15_10_IRQHandler
 .text.HRTIM1_TIMA_IRQHandler
                0x0000000008001018        0xc Core/Src/stm32h7xx_it.o
                0x0000000008001018                HRTIM1_TIMA_IRQHandler
 .text.TIM15_IRQHandler
                0x0000000008001024        0xc Core/Src/stm32h7xx_it.o
                0x0000000008001024                TIM15_IRQHandler
 .text._read    0x0000000008001030       0x1c Core/Src/syscalls.o
                0x0000000008001030                _read
 .text._write   0x000000000800104c       0x1c Core/Src/syscalls.o
                0x000000000800104c                _write
 .text._sbrk    0x0000000008001068       0x3c Core/Src/syscalls.o
                0x0000000008001068                _sbrk
 .text._close   0x00000000080010a4        0x8 Core/Src/syscalls.o
                0x00000000080010a4                _close
 .text._fstat   0x00000000080010ac        0xc Core/Src/syscalls.o
                0x00000000080010ac                _fstat
 .text._isatty  0x00000000080010b8        0x4 Core/Src/syscalls.o
                0x00000000080010b8                _isatty
 .text._lseek   0x00000000080010bc        0x4 Core/Src/syscalls.o
                0x00000000080010bc                _lseek
 .text.SystemInit
                0x00000000080010c0       0x80 Core/Src/system_stm32h7xx.o
                0x00000000080010c0                SystemInit
 .text.MX_TIM1_Init
                0x0000000008001140      0x11c Core/Src/tim.o
                0x0000000008001140                MX_TIM1_Init
 .text.HAL_TIM_OC_MspInit
                0x000000000800125c       0x70 Core/Src/tim.o
                0x000000000800125c                HAL_TIM_OC_MspInit
 .text.HAL_TIM_Base_MspInit
                0x00000000080012cc       0x34 Core/Src/tim.o
                0x00000000080012cc                HAL_TIM_Base_MspInit
 .text.MX_USART3_UART_Init
                0x0000000008001300       0x70 Core/Src/usart.o
                0x0000000008001300                MX_USART3_UART_Init
 .text.HAL_UART_MspInit
                0x0000000008001370       0xbc Core/Src/usart.o
                0x0000000008001370                HAL_UART_MspInit
 .text.__io_putchar
                0x000000000800142c       0x28 Core/Src/usart.o
                0x000000000800142c                __io_putchar
 .text.HAL_InitTick
                0x0000000008001454       0x4c Drivers/STM32H7xx_HAL_Driver/Src/stm32h7xx_hal.o
                0x0000000008001454                HAL_InitTick
 .text.HAL_Init
                0x00000000080014a0       0x64 Drivers/STM32H7xx_HAL_Driver/Src/stm32h7xx_hal.o
                0x00000000080014a0                HAL_Init
 .text.HAL_IncTick
                0x0000000008001504       0x18 Drivers/STM32H7xx_HAL_Driver/Src/stm32h7xx_hal.o
                0x0000000008001504                HAL_IncTick
 .text.HAL_GetTick
                0x000000000800151c        0xc Drivers/STM32H7xx_HAL_Driver/Src/stm32h7xx_hal.o
                0x000000000800151c                HAL_GetTick
 .text.HAL_Delay
                0x0000000008001528       0x24 Drivers/STM32H7xx_HAL_Driver/Src/stm32h7xx_hal.o
                0x0000000008001528                HAL_Delay
 .text.HAL_GetREVID
                0x000000000800154c        0xc Drivers/STM32H7xx_HAL_Driver/Src/stm32h7xx_hal.o
                0x000000000800154c                HAL_GetREVID
 .text.HAL_ADC_Start_IT
                0x0000000008001558      0x228 Drivers/STM32H7xx_HAL_Driver/Src/stm32h7xx_hal_adc.o
                0x0000000008001558                HAL_ADC_Start_IT
 .text.HAL_ADC_GetValue
                0x0000000008001780       0x3c Drivers/STM32H7xx_HAL_Driver/Src/stm32h7xx_hal_adc.o
                0x0000000008001780                HAL_ADC_GetValue
 .text.HAL_ADC_LevelOutOfWindowCallback
                0x00000000080017bc        0x4 Drivers/STM32H7xx_HAL_Driver/Src/stm32h7xx_hal_adc.o
                0x00000000080017bc                HAL_ADC_LevelOutOfWindowCallback
 .text.HAL_ADC_ErrorCallback
                0x00000000080017c0        0x4 Drivers/STM32H7xx_HAL_Driver/Src/stm32h7xx_hal_adc.o
                0x00000000080017c0                HAL_ADC_ErrorCallback
 .text.HAL_ADC_IRQHandler
                0x00000000080017c4      0x2d8 Drivers/STM32H7xx_HAL_Driver/Src/stm32h7xx_hal_adc.o
                0x00000000080017c4                HAL_ADC_IRQHandler
 .text.HAL_ADC_ConfigChannel
                0x0000000008001a9c      0x928 Drivers/STM32H7xx_HAL_Driver/Src/stm32h7xx_hal_adc.o
                0x0000000008001a9c                HAL_ADC_ConfigChannel
 .text.ADC_Disable
                0x00000000080023c4       0x68 Drivers/STM32H7xx_HAL_Driver/Src/stm32h7xx_hal_adc.o
                0x00000000080023c4                ADC_Disable
 .text.ADC_ConfigureBoostMode
                0x000000000800242c      0x174 Drivers/STM32H7xx_HAL_Driver/Src/stm32h7xx_hal_adc.o
                0x000000000800242c                ADC_ConfigureBoostMode
 .text.HAL_ADC_Init
                0x00000000080025a0      0x520 Drivers/STM32H7xx_HAL_Driver/Src/stm32h7xx_hal_adc.o
                0x00000000080025a0                HAL_ADC_Init
 .text.HAL_ADCEx_Calibration_Start
                0x0000000008002ac0       0xfc Drivers/STM32H7xx_HAL_Driver/Src/stm32h7xx_hal_adc_ex.o
                0x0000000008002ac0                HAL_ADCEx_Calibration_Start
 .text.HAL_ADCEx_InjectedConvCpltCallback
                0x0000000008002bbc        0x4 Drivers/STM32H7xx_HAL_Driver/Src/stm32h7xx_hal_adc_ex.o
                0x0000000008002bbc                HAL_ADCEx_InjectedConvCpltCallback
 .text.HAL_ADCEx_InjectedQueueOverflowCallback
                0x0000000008002bc0        0x4 Drivers/STM32H7xx_HAL_Driver/Src/stm32h7xx_hal_adc_ex.o
                0x0000000008002bc0                HAL_ADCEx_InjectedQueueOverflowCallback
 .text.HAL_ADCEx_LevelOutOfWindow2Callback
                0x0000000008002bc4        0x4 Drivers/STM32H7xx_HAL_Driver/Src/stm32h7xx_hal_adc_ex.o
                0x0000000008002bc4                HAL_ADCEx_LevelOutOfWindow2Callback
 .text.HAL_ADCEx_LevelOutOfWindow3Callback
                0x0000000008002bc8        0x4 Drivers/STM32H7xx_HAL_Driver/Src/stm32h7xx_hal_adc_ex.o
                0x0000000008002bc8                HAL_ADCEx_LevelOutOfWindow3Callback
 .text.HAL_ADCEx_EndOfSamplingCallback
                0x0000000008002bcc        0x4 Drivers/STM32H7xx_HAL_Driver/Src/stm32h7xx_hal_adc_ex.o
                0x0000000008002bcc                HAL_ADCEx_EndOfSamplingCallback
 .text.HAL_ADCEx_MultiModeConfigChannel
                0x0000000008002bd0      0x140 Drivers/STM32H7xx_HAL_Driver/Src/stm32h7xx_hal_adc_ex.o
                0x0000000008002bd0                HAL_ADCEx_MultiModeConfigChannel
 .text.HAL_NVIC_SetPriorityGrouping
                0x0000000008002d10       0x38 Drivers/STM32H7xx_HAL_Driver/Src/stm32h7xx_hal_cortex.o
                0x0000000008002d10                HAL_NVIC_SetPriorityGrouping
 .text.HAL_NVIC_SetPriority
                0x0000000008002d48       0x8c Drivers/STM32H7xx_HAL_Driver/Src/stm32h7xx_hal_cortex.o
                0x0000000008002d48                HAL_NVIC_SetPriority
 .text.HAL_NVIC_EnableIRQ
                0x0000000008002dd4       0x28 Drivers/STM32H7xx_HAL_Driver/Src/stm32h7xx_hal_cortex.o
                0x0000000008002dd4                HAL_NVIC_EnableIRQ
 .text.HAL_SYSTICK_Config
                0x0000000008002dfc       0x30 Drivers/STM32H7xx_HAL_Driver/Src/stm32h7xx_hal_cortex.o
                0x0000000008002dfc                HAL_SYSTICK_Config
 .text.HAL_DAC_Init
                0x0000000008002e2c       0x48 Drivers/STM32H7xx_HAL_Driver/Src/stm32h7xx_hal_dac.o
                0x0000000008002e2c                HAL_DAC_Init
 .text.HAL_DAC_Start
                0x0000000008002e74       0x78 Drivers/STM32H7xx_HAL_Driver/Src/stm32h7xx_hal_dac.o
                0x0000000008002e74                HAL_DAC_Start
 .text.HAL_DAC_SetValue
                0x0000000008002eec       0x80 Drivers/STM32H7xx_HAL_Driver/Src/stm32h7xx_hal_dac.o
                0x0000000008002eec                HAL_DAC_SetValue
 .text.HAL_DAC_ConfigChannel
                0x0000000008002f6c      0x250 Drivers/STM32H7xx_HAL_Driver/Src/stm32h7xx_hal_dac.o
                0x0000000008002f6c                HAL_DAC_ConfigChannel
 .text.DMA_CalcBaseAndBitshift
                0x00000000080031bc       0xf8 Drivers/STM32H7xx_HAL_Driver/Src/stm32h7xx_hal_dma.o
 .text.HAL_DMA_Init
                0x00000000080032b4      0x6bc Drivers/STM32H7xx_HAL_Driver/Src/stm32h7xx_hal_dma.o
                0x00000000080032b4                HAL_DMA_Init
 .text.HAL_DMA_IRQHandler
                0x0000000008003970      0x678 Drivers/STM32H7xx_HAL_Driver/Src/stm32h7xx_hal_dma.o
                0x0000000008003970                HAL_DMA_IRQHandler
 .text.HAL_GPIO_Init
                0x0000000008003fe8      0x404 Drivers/STM32H7xx_HAL_Driver/Src/stm32h7xx_hal_gpio.o
                0x0000000008003fe8                HAL_GPIO_Init
 .text.HAL_GPIO_WritePin
                0x00000000080043ec       0x34 Drivers/STM32H7xx_HAL_Driver/Src/stm32h7xx_hal_gpio.o
                0x00000000080043ec                HAL_GPIO_WritePin
 .text.HAL_GPIO_EXTI_IRQHandler
                0x0000000008004420       0x18 Drivers/STM32H7xx_HAL_Driver/Src/stm32h7xx_hal_gpio.o
                0x0000000008004420                HAL_GPIO_EXTI_IRQHandler
 .text.HAL_HRTIM_Init
                0x0000000008004438      0x160 Drivers/STM32H7xx_HAL_Driver/Src/stm32h7xx_hal_hrtim.o
                0x0000000008004438                HAL_HRTIM_Init
 .text.HAL_HRTIM_TimeBaseConfig
                0x0000000008004598       0xa8 Drivers/STM32H7xx_HAL_Driver/Src/stm32h7xx_hal_hrtim.o
                0x0000000008004598                HAL_HRTIM_TimeBaseConfig
 .text.HAL_HRTIM_SimplePWMChannelConfig
                0x0000000008004640      0x220 Drivers/STM32H7xx_HAL_Driver/Src/stm32h7xx_hal_hrtim.o
                0x0000000008004640                HAL_HRTIM_SimplePWMChannelConfig
 .text.HAL_HRTIM_SimplePWMStart
                0x0000000008004860       0xb8 Drivers/STM32H7xx_HAL_Driver/Src/stm32h7xx_hal_hrtim.o
                0x0000000008004860                HAL_HRTIM_SimplePWMStart
 .text.HAL_HRTIM_ADCTriggerConfig
                0x0000000008004918      0x108 Drivers/STM32H7xx_HAL_Driver/Src/stm32h7xx_hal_hrtim.o
                0x0000000008004918                HAL_HRTIM_ADCTriggerConfig
 .text.HAL_HRTIM_Fault1Callback
                0x0000000008004a20        0x4 Drivers/STM32H7xx_HAL_Driver/Src/stm32h7xx_hal_hrtim.o
                0x0000000008004a20                HAL_HRTIM_Fault1Callback
 .text.HAL_HRTIM_Fault2Callback
                0x0000000008004a24        0x4 Drivers/STM32H7xx_HAL_Driver/Src/stm32h7xx_hal_hrtim.o
                0x0000000008004a24                HAL_HRTIM_Fault2Callback
 .text.HAL_HRTIM_Fault3Callback
                0x0000000008004a28        0x4 Drivers/STM32H7xx_HAL_Driver/Src/stm32h7xx_hal_hrtim.o
                0x0000000008004a28                HAL_HRTIM_Fault3Callback
 .text.HAL_HRTIM_Fault4Callback
                0x0000000008004a2c        0x4 Drivers/STM32H7xx_HAL_Driver/Src/stm32h7xx_hal_hrtim.o
                0x0000000008004a2c                HAL_HRTIM_Fault4Callback
 .text.HAL_HRTIM_Fault5Callback
                0x0000000008004a30        0x4 Drivers/STM32H7xx_HAL_Driver/Src/stm32h7xx_hal_hrtim.o
                0x0000000008004a30                HAL_HRTIM_Fault5Callback
 .text.HAL_HRTIM_SystemFaultCallback
                0x0000000008004a34        0x4 Drivers/STM32H7xx_HAL_Driver/Src/stm32h7xx_hal_hrtim.o
                0x0000000008004a34                HAL_HRTIM_SystemFaultCallback
 .text.HAL_HRTIM_BurstModePeriodCallback
                0x0000000008004a38        0x4 Drivers/STM32H7xx_HAL_Driver/Src/stm32h7xx_hal_hrtim.o
                0x0000000008004a38                HAL_HRTIM_BurstModePeriodCallback
 .text.HAL_HRTIM_SynchronizationEventCallback
                0x0000000008004a3c        0x4 Drivers/STM32H7xx_HAL_Driver/Src/stm32h7xx_hal_hrtim.o
                0x0000000008004a3c                HAL_HRTIM_SynchronizationEventCallback
 .text.HAL_HRTIM_RegistersUpdateCallback
                0x0000000008004a40        0x4 Drivers/STM32H7xx_HAL_Driver/Src/stm32h7xx_hal_hrtim.o
                0x0000000008004a40                HAL_HRTIM_RegistersUpdateCallback
 .text.HAL_HRTIM_RepetitionEventCallback
                0x0000000008004a44        0x4 Drivers/STM32H7xx_HAL_Driver/Src/stm32h7xx_hal_hrtim.o
                0x0000000008004a44                HAL_HRTIM_RepetitionEventCallback
 .text.HAL_HRTIM_Compare1EventCallback
                0x0000000008004a48        0x4 Drivers/STM32H7xx_HAL_Driver/Src/stm32h7xx_hal_hrtim.o
                0x0000000008004a48                HAL_HRTIM_Compare1EventCallback
 .text.HAL_HRTIM_Compare2EventCallback
                0x0000000008004a4c        0x4 Drivers/STM32H7xx_HAL_Driver/Src/stm32h7xx_hal_hrtim.o
                0x0000000008004a4c                HAL_HRTIM_Compare2EventCallback
 .text.HAL_HRTIM_Compare3EventCallback
                0x0000000008004a50        0x4 Drivers/STM32H7xx_HAL_Driver/Src/stm32h7xx_hal_hrtim.o
                0x0000000008004a50                HAL_HRTIM_Compare3EventCallback
 .text.HAL_HRTIM_Compare4EventCallback
                0x0000000008004a54        0x4 Drivers/STM32H7xx_HAL_Driver/Src/stm32h7xx_hal_hrtim.o
                0x0000000008004a54                HAL_HRTIM_Compare4EventCallback
 .text.HAL_HRTIM_Capture1EventCallback
                0x0000000008004a58        0x4 Drivers/STM32H7xx_HAL_Driver/Src/stm32h7xx_hal_hrtim.o
                0x0000000008004a58                HAL_HRTIM_Capture1EventCallback
 .text.HAL_HRTIM_Capture2EventCallback
                0x0000000008004a5c        0x4 Drivers/STM32H7xx_HAL_Driver/Src/stm32h7xx_hal_hrtim.o
                0x0000000008004a5c                HAL_HRTIM_Capture2EventCallback
 .text.HAL_HRTIM_DelayedProtectionCallback
                0x0000000008004a60        0x4 Drivers/STM32H7xx_HAL_Driver/Src/stm32h7xx_hal_hrtim.o
                0x0000000008004a60                HAL_HRTIM_DelayedProtectionCallback
 .text.HAL_HRTIM_CounterResetCallback
                0x0000000008004a64        0x4 Drivers/STM32H7xx_HAL_Driver/Src/stm32h7xx_hal_hrtim.o
                0x0000000008004a64                HAL_HRTIM_CounterResetCallback
 .text.HAL_HRTIM_Output1SetCallback
                0x0000000008004a68        0x4 Drivers/STM32H7xx_HAL_Driver/Src/stm32h7xx_hal_hrtim.o
                0x0000000008004a68                HAL_HRTIM_Output1SetCallback
 .text.HAL_HRTIM_Output1ResetCallback
                0x0000000008004a6c        0x4 Drivers/STM32H7xx_HAL_Driver/Src/stm32h7xx_hal_hrtim.o
                0x0000000008004a6c                HAL_HRTIM_Output1ResetCallback
 .text.HAL_HRTIM_Output2SetCallback
                0x0000000008004a70        0x4 Drivers/STM32H7xx_HAL_Driver/Src/stm32h7xx_hal_hrtim.o
                0x0000000008004a70                HAL_HRTIM_Output2SetCallback
 .text.HAL_HRTIM_Output2ResetCallback
                0x0000000008004a74        0x4 Drivers/STM32H7xx_HAL_Driver/Src/stm32h7xx_hal_hrtim.o
                0x0000000008004a74                HAL_HRTIM_Output2ResetCallback
 .text.HAL_HRTIM_IRQHandler
                0x0000000008004a78      0x418 Drivers/STM32H7xx_HAL_Driver/Src/stm32h7xx_hal_hrtim.o
                0x0000000008004a78                HAL_HRTIM_IRQHandler
 .text.HAL_PWREx_ConfigSupply
                0x0000000008004e90       0x60 Drivers/STM32H7xx_HAL_Driver/Src/stm32h7xx_hal_pwr_ex.o
                0x0000000008004e90                HAL_PWREx_ConfigSupply
 .text.HAL_RCC_OscConfig
                0x0000000008004ef0      0x6cc Drivers/STM32H7xx_HAL_Driver/Src/stm32h7xx_hal_rcc.o
                0x0000000008004ef0                HAL_RCC_OscConfig
 .text.HAL_RCC_GetSysClockFreq
                0x00000000080055bc      0x118 Drivers/STM32H7xx_HAL_Driver/Src/stm32h7xx_hal_rcc.o
                0x00000000080055bc                HAL_RCC_GetSysClockFreq
 .text.HAL_RCC_ClockConfig
                0x00000000080056d4      0x404 Drivers/STM32H7xx_HAL_Driver/Src/stm32h7xx_hal_rcc.o
                0x00000000080056d4                HAL_RCC_ClockConfig
 .text.HAL_RCC_GetHCLKFreq
                0x0000000008005ad8       0x2c Drivers/STM32H7xx_HAL_Driver/Src/stm32h7xx_hal_rcc.o
                0x0000000008005ad8                HAL_RCC_GetHCLKFreq
 .text.HAL_RCC_GetPCLK1Freq
                0x0000000008005b04       0x38 Drivers/STM32H7xx_HAL_Driver/Src/stm32h7xx_hal_rcc.o
                0x0000000008005b04                HAL_RCC_GetPCLK1Freq
 .text.HAL_RCC_GetPCLK2Freq
                0x0000000008005b3c       0x38 Drivers/STM32H7xx_HAL_Driver/Src/stm32h7xx_hal_rcc.o
                0x0000000008005b3c                HAL_RCC_GetPCLK2Freq
 .text.RCCEx_PLL2_Config
                0x0000000008005b74      0x1e0 Drivers/STM32H7xx_HAL_Driver/Src/stm32h7xx_hal_rcc_ex.o
 .text.RCCEx_PLL3_Config
                0x0000000008005d54      0x1e0 Drivers/STM32H7xx_HAL_Driver/Src/stm32h7xx_hal_rcc_ex.o
 .text.HAL_RCCEx_PeriphCLKConfig
                0x0000000008005f34      0xce4 Drivers/STM32H7xx_HAL_Driver/Src/stm32h7xx_hal_rcc_ex.o
                0x0000000008005f34                HAL_RCCEx_PeriphCLKConfig
 .text.HAL_RCCEx_GetD3PCLK1Freq
                0x0000000008006c18       0x24 Drivers/STM32H7xx_HAL_Driver/Src/stm32h7xx_hal_rcc_ex.o
                0x0000000008006c18                HAL_RCCEx_GetD3PCLK1Freq
 .text.HAL_RCCEx_GetPLL2ClockFreq
                0x0000000008006c3c      0x130 Drivers/STM32H7xx_HAL_Driver/Src/stm32h7xx_hal_rcc_ex.o
                0x0000000008006c3c                HAL_RCCEx_GetPLL2ClockFreq
 .text.HAL_RCCEx_GetPLL3ClockFreq
                0x0000000008006d6c      0x130 Drivers/STM32H7xx_HAL_Driver/Src/stm32h7xx_hal_rcc_ex.o
                0x0000000008006d6c                HAL_RCCEx_GetPLL3ClockFreq
 .text.HAL_RCCEx_GetPLL1ClockFreq
                0x0000000008006e9c      0x130 Drivers/STM32H7xx_HAL_Driver/Src/stm32h7xx_hal_rcc_ex.o
                0x0000000008006e9c                HAL_RCCEx_GetPLL1ClockFreq
 .text.HAL_RCCEx_GetPeriphCLKFreq
                0x0000000008006fcc      0x190 Drivers/STM32H7xx_HAL_Driver/Src/stm32h7xx_hal_rcc_ex.o
                0x0000000008006fcc                HAL_RCCEx_GetPeriphCLKFreq
 .text.HAL_RCCEx_GetD1SysClockFreq
                0x000000000800715c       0x2c Drivers/STM32H7xx_HAL_Driver/Src/stm32h7xx_hal_rcc_ex.o
                0x000000000800715c                HAL_RCCEx_GetD1SysClockFreq
 .text.TIM_OC1_SetConfig
                0x0000000008007188      0x110 Drivers/STM32H7xx_HAL_Driver/Src/stm32h7xx_hal_tim.o
 .text.TIM_OC3_SetConfig
                0x0000000008007298       0xe4 Drivers/STM32H7xx_HAL_Driver/Src/stm32h7xx_hal_tim.o
 .text.HAL_TIM_Base_Init
                0x000000000800737c      0x22c Drivers/STM32H7xx_HAL_Driver/Src/stm32h7xx_hal_tim.o
                0x000000000800737c                HAL_TIM_Base_Init
 .text.HAL_TIM_Base_Start
                0x00000000080075a8      0x104 Drivers/STM32H7xx_HAL_Driver/Src/stm32h7xx_hal_tim.o
                0x00000000080075a8                HAL_TIM_Base_Start
 .text.HAL_TIM_OC_Init
                0x00000000080076ac      0x22c Drivers/STM32H7xx_HAL_Driver/Src/stm32h7xx_hal_tim.o
                0x00000000080076ac                HAL_TIM_OC_Init
 .text.HAL_TIM_OC_Start_IT
                0x00000000080078d8      0x2d8 Drivers/STM32H7xx_HAL_Driver/Src/stm32h7xx_hal_tim.o
                0x00000000080078d8                HAL_TIM_OC_Start_IT
 .text.HAL_TIM_OC_DelayElapsedCallback
                0x0000000008007bb0        0x4 Drivers/STM32H7xx_HAL_Driver/Src/stm32h7xx_hal_tim.o
                0x0000000008007bb0                HAL_TIM_OC_DelayElapsedCallback
 .text.HAL_TIM_IC_CaptureCallback
                0x0000000008007bb4        0x4 Drivers/STM32H7xx_HAL_Driver/Src/stm32h7xx_hal_tim.o
                0x0000000008007bb4                HAL_TIM_IC_CaptureCallback
 .text.HAL_TIM_PWM_PulseFinishedCallback
                0x0000000008007bb8        0x4 Drivers/STM32H7xx_HAL_Driver/Src/stm32h7xx_hal_tim.o
                0x0000000008007bb8                HAL_TIM_PWM_PulseFinishedCallback
 .text.HAL_TIM_TriggerCallback
                0x0000000008007bbc        0x4 Drivers/STM32H7xx_HAL_Driver/Src/stm32h7xx_hal_tim.o
                0x0000000008007bbc                HAL_TIM_TriggerCallback
 .text.HAL_TIM_IRQHandler
                0x0000000008007bc0      0x170 Drivers/STM32H7xx_HAL_Driver/Src/stm32h7xx_hal_tim.o
                0x0000000008007bc0                HAL_TIM_IRQHandler
 .text.TIM_OC2_SetConfig
                0x0000000008007d30       0xe8 Drivers/STM32H7xx_HAL_Driver/Src/stm32h7xx_hal_tim.o
                0x0000000008007d30                TIM_OC2_SetConfig
 .text.HAL_TIM_OC_ConfigChannel
                0x0000000008007e18      0x434 Drivers/STM32H7xx_HAL_Driver/Src/stm32h7xx_hal_tim.o
                0x0000000008007e18                HAL_TIM_OC_ConfigChannel
 .text.HAL_TIMEx_MasterConfigSynchronization
                0x000000000800824c      0x140 Drivers/STM32H7xx_HAL_Driver/Src/stm32h7xx_hal_tim_ex.o
                0x000000000800824c                HAL_TIMEx_MasterConfigSynchronization
 .text.HAL_TIMEx_ConfigBreakDeadTime
                0x000000000800838c      0x208 Drivers/STM32H7xx_HAL_Driver/Src/stm32h7xx_hal_tim_ex.o
                0x000000000800838c                HAL_TIMEx_ConfigBreakDeadTime
 .text.HAL_TIMEx_CommutCallback
                0x0000000008008594        0x4 Drivers/STM32H7xx_HAL_Driver/Src/stm32h7xx_hal_tim_ex.o
                0x0000000008008594                HAL_TIMEx_CommutCallback
 .text.HAL_TIMEx_BreakCallback
                0x0000000008008598        0x4 Drivers/STM32H7xx_HAL_Driver/Src/stm32h7xx_hal_tim_ex.o
                0x0000000008008598                HAL_TIMEx_BreakCallback
 .text.HAL_TIMEx_Break2Callback
                0x000000000800859c        0x4 Drivers/STM32H7xx_HAL_Driver/Src/stm32h7xx_hal_tim_ex.o
                0x000000000800859c                HAL_TIMEx_Break2Callback
 .text.HAL_UART_Transmit
                0x00000000080085a0      0x124 Drivers/STM32H7xx_HAL_Driver/Src/stm32h7xx_hal_uart.o
                0x00000000080085a0                HAL_UART_Transmit
 .text.HAL_UART_GetState
                0x00000000080086c4        0xc Drivers/STM32H7xx_HAL_Driver/Src/stm32h7xx_hal_uart.o
                0x00000000080086c4                HAL_UART_GetState
 .text.UART_SetConfig
                0x00000000080086d0     0x142c Drivers/STM32H7xx_HAL_Driver/Src/stm32h7xx_hal_uart.o
                0x00000000080086d0                UART_SetConfig
 .text.UART_AdvFeatureConfig
                0x0000000008009afc      0x214 Drivers/STM32H7xx_HAL_Driver/Src/stm32h7xx_hal_uart.o
                0x0000000008009afc                UART_AdvFeatureConfig
 .text.HAL_UART_Init
                0x0000000008009d10      0x194 Drivers/STM32H7xx_HAL_Driver/Src/stm32h7xx_hal_uart.o
                0x0000000008009d10                HAL_UART_Init
 .text.HAL_UARTEx_DisableFifoMode
                0x0000000008009ea4       0xbc Drivers/STM32H7xx_HAL_Driver/Src/stm32h7xx_hal_uart_ex.o
                0x0000000008009ea4                HAL_UARTEx_DisableFifoMode
 .text.HAL_UARTEx_SetTxFifoThreshold
                0x0000000008009f60      0x140 Drivers/STM32H7xx_HAL_Driver/Src/stm32h7xx_hal_uart_ex.o
                0x0000000008009f60                HAL_UARTEx_SetTxFifoThreshold
 .text.HAL_UARTEx_SetRxFifoThreshold
                0x000000000800a0a0      0x140 Drivers/STM32H7xx_HAL_Driver/Src/stm32h7xx_hal_uart_ex.o
                0x000000000800a0a0                HAL_UARTEx_SetRxFifoThreshold
 .text.HAL_GPIO_EXTI_Callback
                0x000000000800a1e0        0x4 Peripheral/Src/cis.o
                0x000000000800a1e0                HAL_GPIO_EXTI_Callback
 .text.cisTIM_Init
                0x000000000800a1e4       0xc4 Peripheral/Src/cis.o
                0x000000000800a1e4                cisTIM_Init
 .text.cisADC_Init
                0x000000000800a2a8       0xe0 Peripheral/Src/cis.o
                0x000000000800a2a8                cisADC_Init
 .text.cisInit  0x000000000800a388       0x1c Peripheral/Src/cis.o
                0x000000000800a388                cisInit
 .text.HAL_ADC_ConvCpltCallback
                0x000000000800a3a4      0x168 Peripheral/Src/cis.o
                0x000000000800a3a4                HAL_ADC_ConvCpltCallback
 .text.synth_init
                0x000000000800a50c      0x158 Peripheral/Src/synth.o
                0x000000000800a50c                synth_init
 .text.HAL_TIM_PeriodElapsedCallback
                0x000000000800a664      0x160 Peripheral/Src/synth.o
                0x000000000800a664                HAL_TIM_PeriodElapsedCallback
 *fill*         0x000000000800a7c4        0x4 
 .text.init_waves
                0x000000000800a7c8      0x3ec Peripheral/Src/wave_generation.o
                0x000000000800a7c8                init_waves
 .text.Reset_Handler
                0x000000000800abb4       0x50 startup/startup_stm32h743xx.o
                0x000000000800abb4                Reset_Handler
 .text.Default_Handler
                0x000000000800ac04        0x2 startup/startup_stm32h743xx.o
                0x000000000800ac04                RTC_Alarm_IRQHandler
                0x000000000800ac04                EXTI2_IRQHandler
                0x000000000800ac04                TIM8_CC_IRQHandler
                0x000000000800ac04                HRTIM1_Master_IRQHandler
                0x000000000800ac04                DebugMon_Handler
                0x000000000800ac04                UART8_IRQHandler
                0x000000000800ac04                SPI4_IRQHandler
                0x000000000800ac04                TIM1_CC_IRQHandler
                0x000000000800ac04                BDMA_Channel6_IRQHandler
                0x000000000800ac04                DMA2_Stream5_IRQHandler
                0x000000000800ac04                HardFault_Handler
                0x000000000800ac04                HRTIM1_FLT_IRQHandler
                0x000000000800ac04                JPEG_IRQHandler
                0x000000000800ac04                DMA1_Stream5_IRQHandler
                0x000000000800ac04                BDMA_Channel1_IRQHandler
                0x000000000800ac04                HRTIM1_TIMD_IRQHandler
                0x000000000800ac04                TAMP_STAMP_IRQHandler
                0x000000000800ac04                NMI_Handler
                0x000000000800ac04                EXTI3_IRQHandler
                0x000000000800ac04                LPTIM4_IRQHandler
                0x000000000800ac04                TIM8_TRG_COM_TIM14_IRQHandler
                0x000000000800ac04                LPTIM2_IRQHandler
                0x000000000800ac04                DFSDM1_FLT1_IRQHandler
                0x000000000800ac04                DMAMUX2_OVR_IRQHandler
                0x000000000800ac04                TIM8_UP_TIM13_IRQHandler
                0x000000000800ac04                I2C3_ER_IRQHandler
                0x000000000800ac04                DFSDM1_FLT2_IRQHandler
                0x000000000800ac04                MDMA_IRQHandler
                0x000000000800ac04                LPTIM3_IRQHandler
                0x000000000800ac04                HSEM1_IRQHandler
                0x000000000800ac04                EXTI0_IRQHandler
                0x000000000800ac04                I2C2_EV_IRQHandler
                0x000000000800ac04                DMA1_Stream2_IRQHandler
                0x000000000800ac04                FPU_IRQHandler
                0x000000000800ac04                OTG_HS_WKUP_IRQHandler
                0x000000000800ac04                FDCAN1_IT1_IRQHandler
                0x000000000800ac04                UsageFault_Handler
                0x000000000800ac04                LTDC_ER_IRQHandler
                0x000000000800ac04                DMA2_Stream2_IRQHandler
                0x000000000800ac04                HRTIM1_TIME_IRQHandler
                0x000000000800ac04                SPI1_IRQHandler
                0x000000000800ac04                TIM6_DAC_IRQHandler
                0x000000000800ac04                DCMI_IRQHandler
                0x000000000800ac04                HRTIM1_TIMC_IRQHandler
                0x000000000800ac04                DMA2_Stream3_IRQHandler
                0x000000000800ac04                SAI2_IRQHandler
                0x000000000800ac04                DFSDM1_FLT3_IRQHandler
                0x000000000800ac04                USART6_IRQHandler
                0x000000000800ac04                TIM17_IRQHandler
                0x000000000800ac04                USART3_IRQHandler
                0x000000000800ac04                BDMA_Channel7_IRQHandler
                0x000000000800ac04                LPTIM5_IRQHandler
                0x000000000800ac04                UART5_IRQHandler
                0x000000000800ac04                ADC3_IRQHandler
                0x000000000800ac04                DMA2_Stream0_IRQHandler
                0x000000000800ac04                TIM4_IRQHandler
                0x000000000800ac04                BDMA_Channel2_IRQHandler
                0x000000000800ac04                QUADSPI_IRQHandler
                0x000000000800ac04                I2C1_EV_IRQHandler
                0x000000000800ac04                DMA1_Stream6_IRQHandler
                0x000000000800ac04                DMAMUX1_OVR_IRQHandler
                0x000000000800ac04                DMA1_Stream1_IRQHandler
                0x000000000800ac04                TIM16_IRQHandler
                0x000000000800ac04                UART4_IRQHandler
                0x000000000800ac04                BDMA_Channel5_IRQHandler
                0x000000000800ac04                TIM3_IRQHandler
                0x000000000800ac04                RCC_IRQHandler
                0x000000000800ac04                TIM8_BRK_TIM12_IRQHandler
                0x000000000800ac04                TIM1_TRG_COM_IRQHandler
                0x000000000800ac04                Default_Handler
                0x000000000800ac04                ECC_IRQHandler
                0x000000000800ac04                CEC_IRQHandler
                0x000000000800ac04                BDMA_Channel0_IRQHandler
                0x000000000800ac04                DMA1_Stream7_IRQHandler
                0x000000000800ac04                SPI5_IRQHandler
                0x000000000800ac04                TIM7_IRQHandler
                0x000000000800ac04                SDMMC1_IRQHandler
                0x000000000800ac04                TIM5_IRQHandler
                0x000000000800ac04                DMA2_Stream7_IRQHandler
                0x000000000800ac04                PVD_AVD_IRQHandler
                0x000000000800ac04                I2C3_EV_IRQHandler
                0x000000000800ac04                EXTI9_5_IRQHandler
                0x000000000800ac04                RTC_WKUP_IRQHandler
                0x000000000800ac04                LTDC_IRQHandler
                0x000000000800ac04                SAI3_IRQHandler
                0x000000000800ac04                ETH_WKUP_IRQHandler
                0x000000000800ac04                SPDIF_RX_IRQHandler
                0x000000000800ac04                SPI2_IRQHandler
                0x000000000800ac04                OTG_HS_EP1_IN_IRQHandler
                0x000000000800ac04                MemManage_Handler
                0x000000000800ac04                CRS_IRQHandler
                0x000000000800ac04                EXTI4_IRQHandler
                0x000000000800ac04                RNG_IRQHandler
                0x000000000800ac04                HRTIM1_TIMB_IRQHandler
                0x000000000800ac04                FDCAN2_IT1_IRQHandler
                0x000000000800ac04                ETH_IRQHandler
                0x000000000800ac04                TIM1_UP_IRQHandler
                0x000000000800ac04                BDMA_Channel4_IRQHandler
                0x000000000800ac04                OTG_HS_EP1_OUT_IRQHandler
                0x000000000800ac04                WWDG_IRQHandler
                0x000000000800ac04                SPI6_IRQHandler
                0x000000000800ac04                MDIOS_IRQHandler
                0x000000000800ac04                I2C4_EV_IRQHandler
                0x000000000800ac04                FDCAN2_IT0_IRQHandler
                0x000000000800ac04                LPUART1_IRQHandler
                0x000000000800ac04                FDCAN1_IT0_IRQHandler
                0x000000000800ac04                TIM2_IRQHandler
                0x000000000800ac04                OTG_FS_WKUP_IRQHandler
                0x000000000800ac04                OTG_HS_IRQHandler
                0x000000000800ac04                DMA2D_IRQHandler
                0x000000000800ac04                TIM1_BRK_IRQHandler
                0x000000000800ac04                EXTI1_IRQHandler
                0x000000000800ac04                SDMMC2_IRQHandler
                0x000000000800ac04                OTG_FS_EP1_OUT_IRQHandler
                0x000000000800ac04                BDMA_Channel3_IRQHandler
                0x000000000800ac04                UART7_IRQHandler
                0x000000000800ac04                MDIOS_WKUP_IRQHandler
                0x000000000800ac04                USART2_IRQHandler
                0x000000000800ac04                DFSDM1_FLT0_IRQHandler
                0x000000000800ac04                SAI4_IRQHandler
                0x000000000800ac04                I2C2_ER_IRQHandler
                0x000000000800ac04                DMA2_Stream1_IRQHandler
                0x000000000800ac04                FLASH_IRQHandler
                0x000000000800ac04                DMA2_Stream4_IRQHandler
                0x000000000800ac04                BusFault_Handler
                0x000000000800ac04                USART1_IRQHandler
                0x000000000800ac04                OTG_FS_IRQHandler
                0x000000000800ac04                SPI3_IRQHandler
                0x000000000800ac04                WAKEUP_PIN_IRQHandler
                0x000000000800ac04                DMA1_Stream4_IRQHandler
                0x000000000800ac04                OTG_FS_EP1_IN_IRQHandler
                0x000000000800ac04                I2C1_ER_IRQHandler
                0x000000000800ac04                FMC_IRQHandler
                0x000000000800ac04                FDCAN_CAL_IRQHandler
                0x000000000800ac04                SWPMI1_IRQHandler
                0x000000000800ac04                COMP1_IRQHandler
                0x000000000800ac04                LPTIM1_IRQHandler
                0x000000000800ac04                I2C4_ER_IRQHandler
                0x000000000800ac04                DMA2_Stream6_IRQHandler
                0x000000000800ac04                SAI1_IRQHandler
                0x000000000800ac04                DMA1_Stream3_IRQHandler
 *fill*         0x000000000800ac06        0x2 
 .text.sin      0x000000000800ac08       0xa0 /home/zhonx/.opt/AC6/plugins/fr.ac6.mcu.externaltools.arm-none.linux64_1.17.0.201812190825/tools/compiler/bin/../lib/gcc/arm-none-eabi/7.3.1/../../../../arm-none-eabi/lib/thumb/v7e-m/fpv5/hard/libm.a(lib_a-s_sin.o)
                0x000000000800ac08                sin
 .text.pow      0x000000000800aca8      0x2a8 /home/zhonx/.opt/AC6/plugins/fr.ac6.mcu.externaltools.arm-none.linux64_1.17.0.201812190825/tools/compiler/bin/../lib/gcc/arm-none-eabi/7.3.1/../../../../arm-none-eabi/lib/thumb/v7e-m/fpv5/hard/libm.a(lib_a-w_pow.o)
                0x000000000800aca8                pow
 .text.__ieee754_pow
                0x000000000800af50      0x774 /home/zhonx/.opt/AC6/plugins/fr.ac6.mcu.externaltools.arm-none.linux64_1.17.0.201812190825/tools/compiler/bin/../lib/gcc/arm-none-eabi/7.3.1/../../../../arm-none-eabi/lib/thumb/v7e-m/fpv5/hard/libm.a(lib_a-e_pow.o)
                0x000000000800af50                __ieee754_pow
 *fill*         0x000000000800b6c4        0x4 
 .text.__ieee754_rem_pio2
                0x000000000800b6c8      0x294 /home/zhonx/.opt/AC6/plugins/fr.ac6.mcu.externaltools.arm-none.linux64_1.17.0.201812190825/tools/compiler/bin/../lib/gcc/arm-none-eabi/7.3.1/../../../../arm-none-eabi/lib/thumb/v7e-m/fpv5/hard/libm.a(lib_a-e_rem_pio2.o)
                0x000000000800b6c8                __ieee754_rem_pio2
 .text.__ieee754_sqrt
                0x000000000800b95c        0x8 /home/zhonx/.opt/AC6/plugins/fr.ac6.mcu.externaltools.arm-none.linux64_1.17.0.201812190825/tools/compiler/bin/../lib/gcc/arm-none-eabi/7.3.1/../../../../arm-none-eabi/lib/thumb/v7e-m/fpv5/hard/libm.a(lib_a-e_sqrt.o)
                0x000000000800b95c                __ieee754_sqrt
 *fill*         0x000000000800b964        0x4 
 .text.__kernel_cos
                0x000000000800b968      0x120 /home/zhonx/.opt/AC6/plugins/fr.ac6.mcu.externaltools.arm-none.linux64_1.17.0.201812190825/tools/compiler/bin/../lib/gcc/arm-none-eabi/7.3.1/../../../../arm-none-eabi/lib/thumb/v7e-m/fpv5/hard/libm.a(lib_a-k_cos.o)
                0x000000000800b968                __kernel_cos
 .text.__kernel_rem_pio2
                0x000000000800ba88      0x694 /home/zhonx/.opt/AC6/plugins/fr.ac6.mcu.externaltools.arm-none.linux64_1.17.0.201812190825/tools/compiler/bin/../lib/gcc/arm-none-eabi/7.3.1/../../../../arm-none-eabi/lib/thumb/v7e-m/fpv5/hard/libm.a(lib_a-k_rem_pio2.o)
                0x000000000800ba88                __kernel_rem_pio2
 *fill*         0x000000000800c11c        0x4 
 .text.__kernel_sin
                0x000000000800c120       0xb0 /home/zhonx/.opt/AC6/plugins/fr.ac6.mcu.externaltools.arm-none.linux64_1.17.0.201812190825/tools/compiler/bin/../lib/gcc/arm-none-eabi/7.3.1/../../../../arm-none-eabi/lib/thumb/v7e-m/fpv5/hard/libm.a(lib_a-k_sin.o)
                0x000000000800c120                __kernel_sin
 .text.fabs     0x000000000800c1d0       0x14 /home/zhonx/.opt/AC6/plugins/fr.ac6.mcu.externaltools.arm-none.linux64_1.17.0.201812190825/tools/compiler/bin/../lib/gcc/arm-none-eabi/7.3.1/../../../../arm-none-eabi/lib/thumb/v7e-m/fpv5/hard/libm.a(lib_a-s_fabs.o)
                0x000000000800c1d0                fabs
 .text.finite   0x000000000800c1e4       0x10 /home/zhonx/.opt/AC6/plugins/fr.ac6.mcu.externaltools.arm-none.linux64_1.17.0.201812190825/tools/compiler/bin/../lib/gcc/arm-none-eabi/7.3.1/../../../../arm-none-eabi/lib/thumb/v7e-m/fpv5/hard/libm.a(lib_a-s_finite.o)
                0x000000000800c1e4                finite
 *fill*         0x000000000800c1f4        0x4 
 .text.floor    0x000000000800c1f8      0x110 /home/zhonx/.opt/AC6/plugins/fr.ac6.mcu.externaltools.arm-none.linux64_1.17.0.201812190825/tools/compiler/bin/../lib/gcc/arm-none-eabi/7.3.1/../../../../arm-none-eabi/lib/thumb/v7e-m/fpv5/hard/libm.a(lib_a-s_floor.o)
                0x000000000800c1f8                floor
 .text.matherr  0x000000000800c308        0x4 /home/zhonx/.opt/AC6/plugins/fr.ac6.mcu.externaltools.arm-none.linux64_1.17.0.201812190825/tools/compiler/bin/../lib/gcc/arm-none-eabi/7.3.1/../../../../arm-none-eabi/lib/thumb/v7e-m/fpv5/hard/libm.a(lib_a-s_matherr.o)
                0x000000000800c308                matherr
 *fill*         0x000000000800c30c        0x4 
 .text.nan      0x000000000800c310       0x10 /home/zhonx/.opt/AC6/plugins/fr.ac6.mcu.externaltools.arm-none.linux64_1.17.0.201812190825/tools/compiler/bin/../lib/gcc/arm-none-eabi/7.3.1/../../../../arm-none-eabi/lib/thumb/v7e-m/fpv5/hard/libm.a(lib_a-s_nan.o)
                0x000000000800c310                nan
 .text.rint     0x000000000800c320      0x120 /home/zhonx/.opt/AC6/plugins/fr.ac6.mcu.externaltools.arm-none.linux64_1.17.0.201812190825/tools/compiler/bin/../lib/gcc/arm-none-eabi/7.3.1/../../../../arm-none-eabi/lib/thumb/v7e-m/fpv5/hard/libm.a(lib_a-s_rint.o)
                0x000000000800c320                rint
 .text.scalbn   0x000000000800c440      0x124 /home/zhonx/.opt/AC6/plugins/fr.ac6.mcu.externaltools.arm-none.linux64_1.17.0.201812190825/tools/compiler/bin/../lib/gcc/arm-none-eabi/7.3.1/../../../../arm-none-eabi/lib/thumb/v7e-m/fpv5/hard/libm.a(lib_a-s_scalbn.o)
                0x000000000800c440                scalbn
 .text.copysign
                0x000000000800c564       0x1c /home/zhonx/.opt/AC6/plugins/fr.ac6.mcu.externaltools.arm-none.linux64_1.17.0.201812190825/tools/compiler/bin/../lib/gcc/arm-none-eabi/7.3.1/../../../../arm-none-eabi/lib/thumb/v7e-m/fpv5/hard/libm.a(lib_a-s_copysign.o)
                0x000000000800c564                copysign
 .text.__errno  0x000000000800c580        0xc /home/zhonx/.opt/AC6/plugins/fr.ac6.mcu.externaltools.arm-none.linux64_1.17.0.201812190825/tools/compiler/bin/../lib/gcc/arm-none-eabi/7.3.1/../../../../arm-none-eabi/lib/thumb/v7e-m/fpv5/hard/libc_nano.a(lib_a-errno.o)
                0x000000000800c580                __errno
 .text.__libc_init_array
                0x000000000800c58c       0x48 /home/zhonx/.opt/AC6/plugins/fr.ac6.mcu.externaltools.arm-none.linux64_1.17.0.201812190825/tools/compiler/bin/../lib/gcc/arm-none-eabi/7.3.1/../../../../arm-none-eabi/lib/thumb/v7e-m/fpv5/hard/libc_nano.a(lib_a-init.o)
                0x000000000800c58c                __libc_init_array
 .text.malloc   0x000000000800c5d4       0x10 /home/zhonx/.opt/AC6/plugins/fr.ac6.mcu.externaltools.arm-none.linux64_1.17.0.201812190825/tools/compiler/bin/../lib/gcc/arm-none-eabi/7.3.1/../../../../arm-none-eabi/lib/thumb/v7e-m/fpv5/hard/libc_nano.a(lib_a-malloc.o)
                0x000000000800c5d4                malloc
 .text.memset   0x000000000800c5e4       0x10 /home/zhonx/.opt/AC6/plugins/fr.ac6.mcu.externaltools.arm-none.linux64_1.17.0.201812190825/tools/compiler/bin/../lib/gcc/arm-none-eabi/7.3.1/../../../../arm-none-eabi/lib/thumb/v7e-m/fpv5/hard/libc_nano.a(lib_a-memset.o)
                0x000000000800c5e4                memset
 .text._free_r  0x000000000800c5f4       0x9c /home/zhonx/.opt/AC6/plugins/fr.ac6.mcu.externaltools.arm-none.linux64_1.17.0.201812190825/tools/compiler/bin/../lib/gcc/arm-none-eabi/7.3.1/../../../../arm-none-eabi/lib/thumb/v7e-m/fpv5/hard/libc_nano.a(lib_a-nano-freer.o)
                0x000000000800c5f4                _free_r
 .text._malloc_r
                0x000000000800c690       0xb4 /home/zhonx/.opt/AC6/plugins/fr.ac6.mcu.externaltools.arm-none.linux64_1.17.0.201812190825/tools/compiler/bin/../lib/gcc/arm-none-eabi/7.3.1/../../../../arm-none-eabi/lib/thumb/v7e-m/fpv5/hard/libc_nano.a(lib_a-nano-mallocr.o)
                0x000000000800c690                _malloc_r
 .text.__cvt    0x000000000800c744       0xa4 /home/zhonx/.opt/AC6/plugins/fr.ac6.mcu.externaltools.arm-none.linux64_1.17.0.201812190825/tools/compiler/bin/../lib/gcc/arm-none-eabi/7.3.1/../../../../arm-none-eabi/lib/thumb/v7e-m/fpv5/hard/libc_nano.a(lib_a-nano-vfprintf_float.o)
                0x000000000800c744                __cvt
 .text.__exponent
                0x000000000800c7e8       0x66 /home/zhonx/.opt/AC6/plugins/fr.ac6.mcu.externaltools.arm-none.linux64_1.17.0.201812190825/tools/compiler/bin/../lib/gcc/arm-none-eabi/7.3.1/../../../../arm-none-eabi/lib/thumb/v7e-m/fpv5/hard/libc_nano.a(lib_a-nano-vfprintf_float.o)
                0x000000000800c7e8                __exponent
 *fill*         0x000000000800c84e        0x2 
 .text._printf_float
                0x000000000800c850      0x458 /home/zhonx/.opt/AC6/plugins/fr.ac6.mcu.externaltools.arm-none.linux64_1.17.0.201812190825/tools/compiler/bin/../lib/gcc/arm-none-eabi/7.3.1/../../../../arm-none-eabi/lib/thumb/v7e-m/fpv5/hard/libc_nano.a(lib_a-nano-vfprintf_float.o)
                0x000000000800c850                _printf_float
 .text._printf_common
                0x000000000800cca8       0xea /home/zhonx/.opt/AC6/plugins/fr.ac6.mcu.externaltools.arm-none.linux64_1.17.0.201812190825/tools/compiler/bin/../lib/gcc/arm-none-eabi/7.3.1/../../../../arm-none-eabi/lib/thumb/v7e-m/fpv5/hard/libc_nano.a(lib_a-nano-vfprintf_i.o)
                0x000000000800cca8                _printf_common
 *fill*         0x000000000800cd92        0x2 
 .text._printf_i
                0x000000000800cd94      0x224 /home/zhonx/.opt/AC6/plugins/fr.ac6.mcu.externaltools.arm-none.linux64_1.17.0.201812190825/tools/compiler/bin/../lib/gcc/arm-none-eabi/7.3.1/../../../../arm-none-eabi/lib/thumb/v7e-m/fpv5/hard/libc_nano.a(lib_a-nano-vfprintf_i.o)
                0x000000000800cd94                _printf_i
 .text.printf   0x000000000800cfb8       0x30 /home/zhonx/.opt/AC6/plugins/fr.ac6.mcu.externaltools.arm-none.linux64_1.17.0.201812190825/tools/compiler/bin/../lib/gcc/arm-none-eabi/7.3.1/../../../../arm-none-eabi/lib/thumb/v7e-m/fpv5/hard/libc_nano.a(lib_a-printf.o)
                0x000000000800cfb8                printf
                0x000000000800cfb8                iprintf
 .text._puts_r  0x000000000800cfe8       0xb8 /home/zhonx/.opt/AC6/plugins/fr.ac6.mcu.externaltools.arm-none.linux64_1.17.0.201812190825/tools/compiler/bin/../lib/gcc/arm-none-eabi/7.3.1/../../../../arm-none-eabi/lib/thumb/v7e-m/fpv5/hard/libc_nano.a(lib_a-puts.o)
                0x000000000800cfe8                _puts_r
 .text.puts     0x000000000800d0a0       0x10 /home/zhonx/.opt/AC6/plugins/fr.ac6.mcu.externaltools.arm-none.linux64_1.17.0.201812190825/tools/compiler/bin/../lib/gcc/arm-none-eabi/7.3.1/../../../../arm-none-eabi/lib/thumb/v7e-m/fpv5/hard/libc_nano.a(lib_a-puts.o)
                0x000000000800d0a0                puts
 .text._sbrk_r  0x000000000800d0b0       0x20 /home/zhonx/.opt/AC6/plugins/fr.ac6.mcu.externaltools.arm-none.linux64_1.17.0.201812190825/tools/compiler/bin/../lib/gcc/arm-none-eabi/7.3.1/../../../../arm-none-eabi/lib/thumb/v7e-m/fpv5/hard/libc_nano.a(lib_a-sbrkr.o)
                0x000000000800d0b0                _sbrk_r
 .text.__swbuf_r
                0x000000000800d0d0       0xa4 /home/zhonx/.opt/AC6/plugins/fr.ac6.mcu.externaltools.arm-none.linux64_1.17.0.201812190825/tools/compiler/bin/../lib/gcc/arm-none-eabi/7.3.1/../../../../arm-none-eabi/lib/thumb/v7e-m/fpv5/hard/libc_nano.a(lib_a-wbuf.o)
                0x000000000800d0d0                __swbuf_r
 .text.__swsetup_r
                0x000000000800d174       0xdc /home/zhonx/.opt/AC6/plugins/fr.ac6.mcu.externaltools.arm-none.linux64_1.17.0.201812190825/tools/compiler/bin/../lib/gcc/arm-none-eabi/7.3.1/../../../../arm-none-eabi/lib/thumb/v7e-m/fpv5/hard/libc_nano.a(lib_a-wsetup.o)
                0x000000000800d174                __swsetup_r
 .text.quorem   0x000000000800d250      0x118 /home/zhonx/.opt/AC6/plugins/fr.ac6.mcu.externaltools.arm-none.linux64_1.17.0.201812190825/tools/compiler/bin/../lib/gcc/arm-none-eabi/7.3.1/../../../../arm-none-eabi/lib/thumb/v7e-m/fpv5/hard/libc_nano.a(lib_a-dtoa.o)
 .text._dtoa_r  0x000000000800d368      0xa98 /home/zhonx/.opt/AC6/plugins/fr.ac6.mcu.externaltools.arm-none.linux64_1.17.0.201812190825/tools/compiler/bin/../lib/gcc/arm-none-eabi/7.3.1/../../../../arm-none-eabi/lib/thumb/v7e-m/fpv5/hard/libc_nano.a(lib_a-dtoa.o)
                0x000000000800d368                _dtoa_r
 .text.__sflush_r
                0x000000000800de00      0x10c /home/zhonx/.opt/AC6/plugins/fr.ac6.mcu.externaltools.arm-none.linux64_1.17.0.201812190825/tools/compiler/bin/../lib/gcc/arm-none-eabi/7.3.1/../../../../arm-none-eabi/lib/thumb/v7e-m/fpv5/hard/libc_nano.a(lib_a-fflush.o)
                0x000000000800de00                __sflush_r
 .text._fflush_r
                0x000000000800df0c       0x54 /home/zhonx/.opt/AC6/plugins/fr.ac6.mcu.externaltools.arm-none.linux64_1.17.0.201812190825/tools/compiler/bin/../lib/gcc/arm-none-eabi/7.3.1/../../../../arm-none-eabi/lib/thumb/v7e-m/fpv5/hard/libc_nano.a(lib_a-fflush.o)
                0x000000000800df0c                _fflush_r
 .text.std      0x000000000800df60       0x48 /home/zhonx/.opt/AC6/plugins/fr.ac6.mcu.externaltools.arm-none.linux64_1.17.0.201812190825/tools/compiler/bin/../lib/gcc/arm-none-eabi/7.3.1/../../../../arm-none-eabi/lib/thumb/v7e-m/fpv5/hard/libc_nano.a(lib_a-findfp.o)
 .text._cleanup_r
                0x000000000800dfa8        0xc /home/zhonx/.opt/AC6/plugins/fr.ac6.mcu.externaltools.arm-none.linux64_1.17.0.201812190825/tools/compiler/bin/../lib/gcc/arm-none-eabi/7.3.1/../../../../arm-none-eabi/lib/thumb/v7e-m/fpv5/hard/libc_nano.a(lib_a-findfp.o)
                0x000000000800dfa8                _cleanup_r
 .text.__sfmoreglue
                0x000000000800dfb4       0x2c /home/zhonx/.opt/AC6/plugins/fr.ac6.mcu.externaltools.arm-none.linux64_1.17.0.201812190825/tools/compiler/bin/../lib/gcc/arm-none-eabi/7.3.1/../../../../arm-none-eabi/lib/thumb/v7e-m/fpv5/hard/libc_nano.a(lib_a-findfp.o)
                0x000000000800dfb4                __sfmoreglue
 .text.__sinit  0x000000000800dfe0       0x60 /home/zhonx/.opt/AC6/plugins/fr.ac6.mcu.externaltools.arm-none.linux64_1.17.0.201812190825/tools/compiler/bin/../lib/gcc/arm-none-eabi/7.3.1/../../../../arm-none-eabi/lib/thumb/v7e-m/fpv5/hard/libc_nano.a(lib_a-findfp.o)
                0x000000000800dfe0                __sinit
 .text.__sfp    0x000000000800e040       0x78 /home/zhonx/.opt/AC6/plugins/fr.ac6.mcu.externaltools.arm-none.linux64_1.17.0.201812190825/tools/compiler/bin/../lib/gcc/arm-none-eabi/7.3.1/../../../../arm-none-eabi/lib/thumb/v7e-m/fpv5/hard/libc_nano.a(lib_a-findfp.o)
                0x000000000800e040                __sfp
 .text._fwalk_reent
                0x000000000800e0b8       0x3c /home/zhonx/.opt/AC6/plugins/fr.ac6.mcu.externaltools.arm-none.linux64_1.17.0.201812190825/tools/compiler/bin/../lib/gcc/arm-none-eabi/7.3.1/../../../../arm-none-eabi/lib/thumb/v7e-m/fpv5/hard/libc_nano.a(lib_a-fwalk.o)
                0x000000000800e0b8                _fwalk_reent
 .text._localeconv_r
                0x000000000800e0f4       0x1c /home/zhonx/.opt/AC6/plugins/fr.ac6.mcu.externaltools.arm-none.linux64_1.17.0.201812190825/tools/compiler/bin/../lib/gcc/arm-none-eabi/7.3.1/../../../../arm-none-eabi/lib/thumb/v7e-m/fpv5/hard/libc_nano.a(lib_a-localeconv.o)
                0x000000000800e0f4                _localeconv_r
 .text.__swhatbuf_r
                0x000000000800e110       0x48 /home/zhonx/.opt/AC6/plugins/fr.ac6.mcu.externaltools.arm-none.linux64_1.17.0.201812190825/tools/compiler/bin/../lib/gcc/arm-none-eabi/7.3.1/../../../../arm-none-eabi/lib/thumb/v7e-m/fpv5/hard/libc_nano.a(lib_a-makebuf.o)
                0x000000000800e110                __swhatbuf_r
 .text.__smakebuf_r
                0x000000000800e158       0x80 /home/zhonx/.opt/AC6/plugins/fr.ac6.mcu.externaltools.arm-none.linux64_1.17.0.201812190825/tools/compiler/bin/../lib/gcc/arm-none-eabi/7.3.1/../../../../arm-none-eabi/lib/thumb/v7e-m/fpv5/hard/libc_nano.a(lib_a-makebuf.o)
                0x000000000800e158                __smakebuf_r
 .text.memcpy   0x000000000800e1d8       0x16 /home/zhonx/.opt/AC6/plugins/fr.ac6.mcu.externaltools.arm-none.linux64_1.17.0.201812190825/tools/compiler/bin/../lib/gcc/arm-none-eabi/7.3.1/../../../../arm-none-eabi/lib/thumb/v7e-m/fpv5/hard/libc_nano.a(lib_a-memcpy-stub.o)
                0x000000000800e1d8                memcpy
 .text.__malloc_lock
                0x000000000800e1ee        0x2 /home/zhonx/.opt/AC6/plugins/fr.ac6.mcu.externaltools.arm-none.linux64_1.17.0.201812190825/tools/compiler/bin/../lib/gcc/arm-none-eabi/7.3.1/../../../../arm-none-eabi/lib/thumb/v7e-m/fpv5/hard/libc_nano.a(lib_a-mlock.o)
                0x000000000800e1ee                __malloc_lock
 .text.__malloc_unlock
                0x000000000800e1f0        0x2 /home/zhonx/.opt/AC6/plugins/fr.ac6.mcu.externaltools.arm-none.linux64_1.17.0.201812190825/tools/compiler/bin/../lib/gcc/arm-none-eabi/7.3.1/../../../../arm-none-eabi/lib/thumb/v7e-m/fpv5/hard/libc_nano.a(lib_a-mlock.o)
                0x000000000800e1f0                __malloc_unlock
 .text._Balloc  0x000000000800e1f2       0x68 /home/zhonx/.opt/AC6/plugins/fr.ac6.mcu.externaltools.arm-none.linux64_1.17.0.201812190825/tools/compiler/bin/../lib/gcc/arm-none-eabi/7.3.1/../../../../arm-none-eabi/lib/thumb/v7e-m/fpv5/hard/libc_nano.a(lib_a-mprec.o)
                0x000000000800e1f2                _Balloc
 .text._Bfree   0x000000000800e25a       0x2e /home/zhonx/.opt/AC6/plugins/fr.ac6.mcu.externaltools.arm-none.linux64_1.17.0.201812190825/tools/compiler/bin/../lib/gcc/arm-none-eabi/7.3.1/../../../../arm-none-eabi/lib/thumb/v7e-m/fpv5/hard/libc_nano.a(lib_a-mprec.o)
                0x000000000800e25a                _Bfree
 .text.__multadd
                0x000000000800e288       0x76 /home/zhonx/.opt/AC6/plugins/fr.ac6.mcu.externaltools.arm-none.linux64_1.17.0.201812190825/tools/compiler/bin/../lib/gcc/arm-none-eabi/7.3.1/../../../../arm-none-eabi/lib/thumb/v7e-m/fpv5/hard/libc_nano.a(lib_a-mprec.o)
                0x000000000800e288                __multadd
 .text.__hi0bits
                0x000000000800e2fe       0x3e /home/zhonx/.opt/AC6/plugins/fr.ac6.mcu.externaltools.arm-none.linux64_1.17.0.201812190825/tools/compiler/bin/../lib/gcc/arm-none-eabi/7.3.1/../../../../arm-none-eabi/lib/thumb/v7e-m/fpv5/hard/libc_nano.a(lib_a-mprec.o)
                0x000000000800e2fe                __hi0bits
 .text.__lo0bits
                0x000000000800e33c       0x5e /home/zhonx/.opt/AC6/plugins/fr.ac6.mcu.externaltools.arm-none.linux64_1.17.0.201812190825/tools/compiler/bin/../lib/gcc/arm-none-eabi/7.3.1/../../../../arm-none-eabi/lib/thumb/v7e-m/fpv5/hard/libc_nano.a(lib_a-mprec.o)
                0x000000000800e33c                __lo0bits
 .text.__i2b    0x000000000800e39a       0x12 /home/zhonx/.opt/AC6/plugins/fr.ac6.mcu.externaltools.arm-none.linux64_1.17.0.201812190825/tools/compiler/bin/../lib/gcc/arm-none-eabi/7.3.1/../../../../arm-none-eabi/lib/thumb/v7e-m/fpv5/hard/libc_nano.a(lib_a-mprec.o)
                0x000000000800e39a                __i2b
 .text.__multiply
                0x000000000800e3ac      0x12c /home/zhonx/.opt/AC6/plugins/fr.ac6.mcu.externaltools.arm-none.linux64_1.17.0.201812190825/tools/compiler/bin/../lib/gcc/arm-none-eabi/7.3.1/../../../../arm-none-eabi/lib/thumb/v7e-m/fpv5/hard/libc_nano.a(lib_a-mprec.o)
                0x000000000800e3ac                __multiply
 .text.__pow5mult
                0x000000000800e4d8       0x9c /home/zhonx/.opt/AC6/plugins/fr.ac6.mcu.externaltools.arm-none.linux64_1.17.0.201812190825/tools/compiler/bin/../lib/gcc/arm-none-eabi/7.3.1/../../../../arm-none-eabi/lib/thumb/v7e-m/fpv5/hard/libc_nano.a(lib_a-mprec.o)
                0x000000000800e4d8                __pow5mult
 .text.__lshift
                0x000000000800e574       0xa8 /home/zhonx/.opt/AC6/plugins/fr.ac6.mcu.externaltools.arm-none.linux64_1.17.0.201812190825/tools/compiler/bin/../lib/gcc/arm-none-eabi/7.3.1/../../../../arm-none-eabi/lib/thumb/v7e-m/fpv5/hard/libc_nano.a(lib_a-mprec.o)
                0x000000000800e574                __lshift
 .text.__mcmp   0x000000000800e61c       0x34 /home/zhonx/.opt/AC6/plugins/fr.ac6.mcu.externaltools.arm-none.linux64_1.17.0.201812190825/tools/compiler/bin/../lib/gcc/arm-none-eabi/7.3.1/../../../../arm-none-eabi/lib/thumb/v7e-m/fpv5/hard/libc_nano.a(lib_a-mprec.o)
                0x000000000800e61c                __mcmp
 .text.__mdiff  0x000000000800e650       0xba /home/zhonx/.opt/AC6/plugins/fr.ac6.mcu.externaltools.arm-none.linux64_1.17.0.201812190825/tools/compiler/bin/../lib/gcc/arm-none-eabi/7.3.1/../../../../arm-none-eabi/lib/thumb/v7e-m/fpv5/hard/libc_nano.a(lib_a-mprec.o)
                0x000000000800e650                __mdiff
 .text.__d2b    0x000000000800e70a       0x9e /home/zhonx/.opt/AC6/plugins/fr.ac6.mcu.externaltools.arm-none.linux64_1.17.0.201812190825/tools/compiler/bin/../lib/gcc/arm-none-eabi/7.3.1/../../../../arm-none-eabi/lib/thumb/v7e-m/fpv5/hard/libc_nano.a(lib_a-mprec.o)
                0x000000000800e70a                __d2b
 .text._calloc_r
                0x000000000800e7a8       0x1c /home/zhonx/.opt/AC6/plugins/fr.ac6.mcu.externaltools.arm-none.linux64_1.17.0.201812190825/tools/compiler/bin/../lib/gcc/arm-none-eabi/7.3.1/../../../../arm-none-eabi/lib/thumb/v7e-m/fpv5/hard/libc_nano.a(lib_a-nano-callocr.o)
                0x000000000800e7a8                _calloc_r
 .text.__sfputc_r
                0x000000000800e7c4       0x2e /home/zhonx/.opt/AC6/plugins/fr.ac6.mcu.externaltools.arm-none.linux64_1.17.0.201812190825/tools/compiler/bin/../lib/gcc/arm-none-eabi/7.3.1/../../../../arm-none-eabi/lib/thumb/v7e-m/fpv5/hard/libc_nano.a(lib_a-nano-vfprintf.o)
 .text.__sfputs_r
                0x000000000800e7f2       0x24 /home/zhonx/.opt/AC6/plugins/fr.ac6.mcu.externaltools.arm-none.linux64_1.17.0.201812190825/tools/compiler/bin/../lib/gcc/arm-none-eabi/7.3.1/../../../../arm-none-eabi/lib/thumb/v7e-m/fpv5/hard/libc_nano.a(lib_a-nano-vfprintf.o)
                0x000000000800e7f2                __sfputs_r
 *fill*         0x000000000800e816        0x2 
 .text._vfprintf_r
                0x000000000800e818      0x22c /home/zhonx/.opt/AC6/plugins/fr.ac6.mcu.externaltools.arm-none.linux64_1.17.0.201812190825/tools/compiler/bin/../lib/gcc/arm-none-eabi/7.3.1/../../../../arm-none-eabi/lib/thumb/v7e-m/fpv5/hard/libc_nano.a(lib_a-nano-vfprintf.o)
                0x000000000800e818                _vfiprintf_r
                0x000000000800e818                _vfprintf_r
 .text.__sread  0x000000000800ea44       0x22 /home/zhonx/.opt/AC6/plugins/fr.ac6.mcu.externaltools.arm-none.linux64_1.17.0.201812190825/tools/compiler/bin/../lib/gcc/arm-none-eabi/7.3.1/../../../../arm-none-eabi/lib/thumb/v7e-m/fpv5/hard/libc_nano.a(lib_a-stdio.o)
                0x000000000800ea44                __sread
 .text.__swrite
                0x000000000800ea66       0x38 /home/zhonx/.opt/AC6/plugins/fr.ac6.mcu.externaltools.arm-none.linux64_1.17.0.201812190825/tools/compiler/bin/../lib/gcc/arm-none-eabi/7.3.1/../../../../arm-none-eabi/lib/thumb/v7e-m/fpv5/hard/libc_nano.a(lib_a-stdio.o)
                0x000000000800ea66                __swrite
 .text.__sseek  0x000000000800ea9e       0x24 /home/zhonx/.opt/AC6/plugins/fr.ac6.mcu.externaltools.arm-none.linux64_1.17.0.201812190825/tools/compiler/bin/../lib/gcc/arm-none-eabi/7.3.1/../../../../arm-none-eabi/lib/thumb/v7e-m/fpv5/hard/libc_nano.a(lib_a-stdio.o)
                0x000000000800ea9e                __sseek
 .text.__sclose
                0x000000000800eac2        0x8 /home/zhonx/.opt/AC6/plugins/fr.ac6.mcu.externaltools.arm-none.linux64_1.17.0.201812190825/tools/compiler/bin/../lib/gcc/arm-none-eabi/7.3.1/../../../../arm-none-eabi/lib/thumb/v7e-m/fpv5/hard/libc_nano.a(lib_a-stdio.o)
                0x000000000800eac2                __sclose
 *fill*         0x000000000800eaca        0x2 
 .text._write_r
                0x000000000800eacc       0x24 /home/zhonx/.opt/AC6/plugins/fr.ac6.mcu.externaltools.arm-none.linux64_1.17.0.201812190825/tools/compiler/bin/../lib/gcc/arm-none-eabi/7.3.1/../../../../arm-none-eabi/lib/thumb/v7e-m/fpv5/hard/libc_nano.a(lib_a-writer.o)
                0x000000000800eacc                _write_r
 .text._close_r
                0x000000000800eaf0       0x20 /home/zhonx/.opt/AC6/plugins/fr.ac6.mcu.externaltools.arm-none.linux64_1.17.0.201812190825/tools/compiler/bin/../lib/gcc/arm-none-eabi/7.3.1/../../../../arm-none-eabi/lib/thumb/v7e-m/fpv5/hard/libc_nano.a(lib_a-closer.o)
                0x000000000800eaf0                _close_r
 .text._fstat_r
                0x000000000800eb10       0x24 /home/zhonx/.opt/AC6/plugins/fr.ac6.mcu.externaltools.arm-none.linux64_1.17.0.201812190825/tools/compiler/bin/../lib/gcc/arm-none-eabi/7.3.1/../../../../arm-none-eabi/lib/thumb/v7e-m/fpv5/hard/libc_nano.a(lib_a-fstatr.o)
                0x000000000800eb10                _fstat_r
 .text._isatty_r
                0x000000000800eb34       0x20 /home/zhonx/.opt/AC6/plugins/fr.ac6.mcu.externaltools.arm-none.linux64_1.17.0.201812190825/tools/compiler/bin/../lib/gcc/arm-none-eabi/7.3.1/../../../../arm-none-eabi/lib/thumb/v7e-m/fpv5/hard/libc_nano.a(lib_a-isattyr.o)
                0x000000000800eb34                _isatty_r
 .text._lseek_r
                0x000000000800eb54       0x24 /home/zhonx/.opt/AC6/plugins/fr.ac6.mcu.externaltools.arm-none.linux64_1.17.0.201812190825/tools/compiler/bin/../lib/gcc/arm-none-eabi/7.3.1/../../../../arm-none-eabi/lib/thumb/v7e-m/fpv5/hard/libc_nano.a(lib_a-lseekr.o)
                0x000000000800eb54                _lseek_r
 .text.__ascii_mbtowc
                0x000000000800eb78       0x24 /home/zhonx/.opt/AC6/plugins/fr.ac6.mcu.externaltools.arm-none.linux64_1.17.0.201812190825/tools/compiler/bin/../lib/gcc/arm-none-eabi/7.3.1/../../../../arm-none-eabi/lib/thumb/v7e-m/fpv5/hard/libc_nano.a(lib_a-mbtowc_r.o)
                0x000000000800eb78                __ascii_mbtowc
 .text._read_r  0x000000000800eb9c       0x24 /home/zhonx/.opt/AC6/plugins/fr.ac6.mcu.externaltools.arm-none.linux64_1.17.0.201812190825/tools/compiler/bin/../lib/gcc/arm-none-eabi/7.3.1/../../../../arm-none-eabi/lib/thumb/v7e-m/fpv5/hard/libc_nano.a(lib_a-readr.o)
                0x000000000800eb9c                _read_r
 .text.__ascii_wctomb
                0x000000000800ebc0       0x1a /home/zhonx/.opt/AC6/plugins/fr.ac6.mcu.externaltools.arm-none.linux64_1.17.0.201812190825/tools/compiler/bin/../lib/gcc/arm-none-eabi/7.3.1/../../../../arm-none-eabi/lib/thumb/v7e-m/fpv5/hard/libc_nano.a(lib_a-wctomb_r.o)
                0x000000000800ebc0                __ascii_wctomb
 *(.glue_7)
 .glue_7        0x000000000800ebda        0x0 linker stubs
 *(.glue_7t)
 .glue_7t       0x000000000800ebda        0x0 linker stubs
 *(.eh_frame)
 *fill*         0x000000000800ebda        0x2 
 .eh_frame      0x000000000800ebdc        0x0 /home/zhonx/.opt/AC6/plugins/fr.ac6.mcu.externaltools.arm-none.linux64_1.17.0.201812190825/tools/compiler/bin/../lib/gcc/arm-none-eabi/7.3.1/thumb/v7e-m/fpv5/hard/crtbegin.o
 *(.init)
 .init          0x000000000800ebdc        0x4 /home/zhonx/.opt/AC6/plugins/fr.ac6.mcu.externaltools.arm-none.linux64_1.17.0.201812190825/tools/compiler/bin/../lib/gcc/arm-none-eabi/7.3.1/thumb/v7e-m/fpv5/hard/crti.o
                0x000000000800ebdc                _init
 .init          0x000000000800ebe0        0x8 /home/zhonx/.opt/AC6/plugins/fr.ac6.mcu.externaltools.arm-none.linux64_1.17.0.201812190825/tools/compiler/bin/../lib/gcc/arm-none-eabi/7.3.1/thumb/v7e-m/fpv5/hard/crtn.o
 *(.fini)
 .fini          0x000000000800ebe8        0x4 /home/zhonx/.opt/AC6/plugins/fr.ac6.mcu.externaltools.arm-none.linux64_1.17.0.201812190825/tools/compiler/bin/../lib/gcc/arm-none-eabi/7.3.1/thumb/v7e-m/fpv5/hard/crti.o
                0x000000000800ebe8                _fini
 .fini          0x000000000800ebec        0x8 /home/zhonx/.opt/AC6/plugins/fr.ac6.mcu.externaltools.arm-none.linux64_1.17.0.201812190825/tools/compiler/bin/../lib/gcc/arm-none-eabi/7.3.1/thumb/v7e-m/fpv5/hard/crtn.o
                0x000000000800ebf4                . = ALIGN (0x4)
                0x000000000800ebf4                _etext = .

.vfp11_veneer   0x000000000800ebf4        0x0
 .vfp11_veneer  0x000000000800ebf4        0x0 linker stubs

.v4_bx          0x000000000800ebf4        0x0
 .v4_bx         0x000000000800ebf4        0x0 linker stubs

.iplt           0x000000000800ebf4        0x0
 .iplt          0x000000000800ebf4        0x0 /home/zhonx/.opt/AC6/plugins/fr.ac6.mcu.externaltools.arm-none.linux64_1.17.0.201812190825/tools/compiler/bin/../lib/gcc/arm-none-eabi/7.3.1/thumb/v7e-m/fpv5/hard/crtbegin.o

.rodata         0x000000000800ebf8      0x980
                0x000000000800ebf8                . = ALIGN (0x4)
 *(.rodata)
 *(.rodata*)
 .rodata.Error_Handler.str1.4
                0x000000000800ebf8       0x11 Core/Src/main.o
 *fill*         0x000000000800ec09        0x3 
 .rodata.assert_failed.str1.4
                0x000000000800ec0c       0x2d Core/Src/main.o
 *fill*         0x000000000800ec39        0x3 
 .rodata.main.str1.4
                0x000000000800ec3c       0x8b Core/Src/main.o
 *fill*         0x000000000800ecc7        0x1 
 .rodata.D1CorePrescTable
                0x000000000800ecc8       0x10 Core/Src/system_stm32h7xx.o
                0x000000000800ecc8                D1CorePrescTable
 .rodata.HAL_ADC_DeInit.str1.4
                0x000000000800ecd8       0x38 Drivers/STM32H7xx_HAL_Driver/Src/stm32h7xx_hal_adc.o
 .rodata.HAL_ADCEx_Calibration_Start.str1.4
                0x000000000800ed10       0x3b Drivers/STM32H7xx_HAL_Driver/Src/stm32h7xx_hal_adc_ex.o
 *fill*         0x000000000800ed4b        0x1 
 .rodata.HAL_NVIC_SetPriorityGrouping.str1.4
                0x000000000800ed4c       0x3b Drivers/STM32H7xx_HAL_Driver/Src/stm32h7xx_hal_cortex.o
 *fill*         0x000000000800ed87        0x1 
 .rodata.HAL_DAC_Init.str1.4
                0x000000000800ed88       0x38 Drivers/STM32H7xx_HAL_Driver/Src/stm32h7xx_hal_dac.o
 .rodata.HAL_DMA_Init.str1.4
                0x000000000800edc0       0x38 Drivers/STM32H7xx_HAL_Driver/Src/stm32h7xx_hal_dma.o
 .rodata.flagBitshiftOffset.12137
                0x000000000800edf8        0x8 Drivers/STM32H7xx_HAL_Driver/Src/stm32h7xx_hal_dma.o
 .rodata.HAL_GPIO_Init.str1.4
                0x000000000800ee00       0x39 Drivers/STM32H7xx_HAL_Driver/Src/stm32h7xx_hal_gpio.o
 *fill*         0x000000000800ee39        0x3 
 .rodata.HAL_HRTIM_Init.str1.4
                0x000000000800ee3c       0x3a Drivers/STM32H7xx_HAL_Driver/Src/stm32h7xx_hal_hrtim.o
 *fill*         0x000000000800ee76        0x2 
 .rodata.TimerIdxToTimerId
                0x000000000800ee78       0x18 Drivers/STM32H7xx_HAL_Driver/Src/stm32h7xx_hal_hrtim.o
 .rodata.HAL_PWREx_ConfigSupply.str1.4
                0x000000000800ee90       0x3b Drivers/STM32H7xx_HAL_Driver/Src/stm32h7xx_hal_pwr_ex.o
 *fill*         0x000000000800eecb        0x1 
 .rodata.HAL_RCC_OscConfig.str1.4
                0x000000000800eecc       0x38 Drivers/STM32H7xx_HAL_Driver/Src/stm32h7xx_hal_rcc.o
 .rodata.RCCEx_PLL2_Config.str1.4
                0x000000000800ef04       0x3b Drivers/STM32H7xx_HAL_Driver/Src/stm32h7xx_hal_rcc_ex.o
 *fill*         0x000000000800ef3f        0x1 
 .rodata.TIM_OC1_SetConfig.str1.4
                0x000000000800ef40       0x38 Drivers/STM32H7xx_HAL_Driver/Src/stm32h7xx_hal_tim.o
 .rodata.HAL_TIMEx_HallSensor_Init.str1.4
                0x000000000800ef78       0x3b Drivers/STM32H7xx_HAL_Driver/Src/stm32h7xx_hal_tim_ex.o
 *fill*         0x000000000800efb3        0x1 
 .rodata.CSWTCH.418
                0x000000000800efb4       0x29 Drivers/STM32H7xx_HAL_Driver/Src/stm32h7xx_hal_uart.o
 *fill*         0x000000000800efdd        0x3 
 .rodata.CSWTCH.419
                0x000000000800efe0        0x6 Drivers/STM32H7xx_HAL_Driver/Src/stm32h7xx_hal_uart.o
 *fill*         0x000000000800efe6        0x2 
 .rodata.CSWTCH.426
                0x000000000800efe8        0x6 Drivers/STM32H7xx_HAL_Driver/Src/stm32h7xx_hal_uart.o
 *fill*         0x000000000800efee        0x2 
 .rodata.HAL_UART_DeInit.str1.4
                0x000000000800eff0       0x39 Drivers/STM32H7xx_HAL_Driver/Src/stm32h7xx_hal_uart.o
 *fill*         0x000000000800f029        0x3 
 .rodata.HAL_RS485Ex_Init.str1.4
                0x000000000800f02c       0x3c Drivers/STM32H7xx_HAL_Driver/Src/stm32h7xx_hal_uart_ex.o
 .rodata.synth_init.str1.4
                0x000000000800f068       0x3a Peripheral/Src/synth.o
 *fill*         0x000000000800f0a2        0x2 
 .rodata.init_waves.str1.4
                0x000000000800f0a4       0x26 Peripheral/Src/wave_generation.o
 *fill*         0x000000000800f0ca        0x2 
 .rodata.pow.str1.4
                0x000000000800f0cc        0x4 /home/zhonx/.opt/AC6/plugins/fr.ac6.mcu.externaltools.arm-none.linux64_1.17.0.201812190825/tools/compiler/bin/../lib/gcc/arm-none-eabi/7.3.1/../../../../arm-none-eabi/lib/thumb/v7e-m/fpv5/hard/libm.a(lib_a-w_pow.o)
 .rodata.__ieee754_pow.str1.4
                0x000000000800f0d0        0x4 /home/zhonx/.opt/AC6/plugins/fr.ac6.mcu.externaltools.arm-none.linux64_1.17.0.201812190825/tools/compiler/bin/../lib/gcc/arm-none-eabi/7.3.1/../../../../arm-none-eabi/lib/thumb/v7e-m/fpv5/hard/libm.a(lib_a-e_pow.o)
                                          0x1 (size before relaxing)
 .rodata.npio2_hw
                0x000000000800f0d0       0x80 /home/zhonx/.opt/AC6/plugins/fr.ac6.mcu.externaltools.arm-none.linux64_1.17.0.201812190825/tools/compiler/bin/../lib/gcc/arm-none-eabi/7.3.1/../../../../arm-none-eabi/lib/thumb/v7e-m/fpv5/hard/libm.a(lib_a-e_rem_pio2.o)
 .rodata.two_over_pi
                0x000000000800f150      0x108 /home/zhonx/.opt/AC6/plugins/fr.ac6.mcu.externaltools.arm-none.linux64_1.17.0.201812190825/tools/compiler/bin/../lib/gcc/arm-none-eabi/7.3.1/../../../../arm-none-eabi/lib/thumb/v7e-m/fpv5/hard/libm.a(lib_a-e_rem_pio2.o)
 .rodata.PIo2   0x000000000800f258       0x40 /home/zhonx/.opt/AC6/plugins/fr.ac6.mcu.externaltools.arm-none.linux64_1.17.0.201812190825/tools/compiler/bin/../lib/gcc/arm-none-eabi/7.3.1/../../../../arm-none-eabi/lib/thumb/v7e-m/fpv5/hard/libm.a(lib_a-k_rem_pio2.o)
 .rodata.init_jk
                0x000000000800f298       0x10 /home/zhonx/.opt/AC6/plugins/fr.ac6.mcu.externaltools.arm-none.linux64_1.17.0.201812190825/tools/compiler/bin/../lib/gcc/arm-none-eabi/7.3.1/../../../../arm-none-eabi/lib/thumb/v7e-m/fpv5/hard/libm.a(lib_a-k_rem_pio2.o)
 .rodata.TWO52  0x000000000800f2a8       0x10 /home/zhonx/.opt/AC6/plugins/fr.ac6.mcu.externaltools.arm-none.linux64_1.17.0.201812190825/tools/compiler/bin/../lib/gcc/arm-none-eabi/7.3.1/../../../../arm-none-eabi/lib/thumb/v7e-m/fpv5/hard/libm.a(lib_a-s_rint.o)
 .rodata._global_impure_ptr
                0x000000000800f2b8        0x4 /home/zhonx/.opt/AC6/plugins/fr.ac6.mcu.externaltools.arm-none.linux64_1.17.0.201812190825/tools/compiler/bin/../lib/gcc/arm-none-eabi/7.3.1/../../../../arm-none-eabi/lib/thumb/v7e-m/fpv5/hard/libc_nano.a(lib_a-impure.o)
                0x000000000800f2b8                _global_impure_ptr
 .rodata._printf_float.str1.1
                0x000000000800f2bc       0x12 /home/zhonx/.opt/AC6/plugins/fr.ac6.mcu.externaltools.arm-none.linux64_1.17.0.201812190825/tools/compiler/bin/../lib/gcc/arm-none-eabi/7.3.1/../../../../arm-none-eabi/lib/thumb/v7e-m/fpv5/hard/libc_nano.a(lib_a-nano-vfprintf_float.o)
 .rodata._printf_i.str1.1
                0x000000000800f2ce       0x22 /home/zhonx/.opt/AC6/plugins/fr.ac6.mcu.externaltools.arm-none.linux64_1.17.0.201812190825/tools/compiler/bin/../lib/gcc/arm-none-eabi/7.3.1/../../../../arm-none-eabi/lib/thumb/v7e-m/fpv5/hard/libc_nano.a(lib_a-nano-vfprintf_i.o)
 .rodata._dtoa_r.str1.1
                0x000000000800f2f0        0xd /home/zhonx/.opt/AC6/plugins/fr.ac6.mcu.externaltools.arm-none.linux64_1.17.0.201812190825/tools/compiler/bin/../lib/gcc/arm-none-eabi/7.3.1/../../../../arm-none-eabi/lib/thumb/v7e-m/fpv5/hard/libc_nano.a(lib_a-dtoa.o)
                                          0xf (size before relaxing)
 *fill*         0x000000000800f2fd        0x3 
 .rodata.__sf_fake_stderr
                0x000000000800f300       0x20 /home/zhonx/.opt/AC6/plugins/fr.ac6.mcu.externaltools.arm-none.linux64_1.17.0.201812190825/tools/compiler/bin/../lib/gcc/arm-none-eabi/7.3.1/../../../../arm-none-eabi/lib/thumb/v7e-m/fpv5/hard/libc_nano.a(lib_a-findfp.o)
                0x000000000800f300                __sf_fake_stderr
 .rodata.__sf_fake_stdin
                0x000000000800f320       0x20 /home/zhonx/.opt/AC6/plugins/fr.ac6.mcu.externaltools.arm-none.linux64_1.17.0.201812190825/tools/compiler/bin/../lib/gcc/arm-none-eabi/7.3.1/../../../../arm-none-eabi/lib/thumb/v7e-m/fpv5/hard/libc_nano.a(lib_a-findfp.o)
                0x000000000800f320                __sf_fake_stdin
 .rodata.__sf_fake_stdout
                0x000000000800f340       0x20 /home/zhonx/.opt/AC6/plugins/fr.ac6.mcu.externaltools.arm-none.linux64_1.17.0.201812190825/tools/compiler/bin/../lib/gcc/arm-none-eabi/7.3.1/../../../../arm-none-eabi/lib/thumb/v7e-m/fpv5/hard/libc_nano.a(lib_a-findfp.o)
                0x000000000800f340                __sf_fake_stdout
 .rodata.__mprec_bigtens
                0x000000000800f360       0x28 /home/zhonx/.opt/AC6/plugins/fr.ac6.mcu.externaltools.arm-none.linux64_1.17.0.201812190825/tools/compiler/bin/../lib/gcc/arm-none-eabi/7.3.1/../../../../arm-none-eabi/lib/thumb/v7e-m/fpv5/hard/libc_nano.a(lib_a-mprec.o)
                0x000000000800f360                __mprec_bigtens
 .rodata.__mprec_tens
                0x000000000800f388       0xc8 /home/zhonx/.opt/AC6/plugins/fr.ac6.mcu.externaltools.arm-none.linux64_1.17.0.201812190825/tools/compiler/bin/../lib/gcc/arm-none-eabi/7.3.1/../../../../arm-none-eabi/lib/thumb/v7e-m/fpv5/hard/libc_nano.a(lib_a-mprec.o)
                0x000000000800f388                __mprec_tens
 .rodata.p05.7359
                0x000000000800f450        0xc /home/zhonx/.opt/AC6/plugins/fr.ac6.mcu.externaltools.arm-none.linux64_1.17.0.201812190825/tools/compiler/bin/../lib/gcc/arm-none-eabi/7.3.1/../../../../arm-none-eabi/lib/thumb/v7e-m/fpv5/hard/libc_nano.a(lib_a-mprec.o)
 .rodata._vfprintf_r.str1.1
                0x000000000800f45c       0x11 /home/zhonx/.opt/AC6/plugins/fr.ac6.mcu.externaltools.arm-none.linux64_1.17.0.201812190825/tools/compiler/bin/../lib/gcc/arm-none-eabi/7.3.1/../../../../arm-none-eabi/lib/thumb/v7e-m/fpv5/hard/libc_nano.a(lib_a-nano-vfprintf.o)
 .rodata._setlocale_r.str1.1
                0x000000000800f46d        0x8 /home/zhonx/.opt/AC6/plugins/fr.ac6.mcu.externaltools.arm-none.linux64_1.17.0.201812190825/tools/compiler/bin/../lib/gcc/arm-none-eabi/7.3.1/../../../../arm-none-eabi/lib/thumb/v7e-m/fpv5/hard/libc_nano.a(lib_a-locale.o)
                                          0x9 (size before relaxing)
 .rodata.str1.1
                0x000000000800f475        0x2 /home/zhonx/.opt/AC6/plugins/fr.ac6.mcu.externaltools.arm-none.linux64_1.17.0.201812190825/tools/compiler/bin/../lib/gcc/arm-none-eabi/7.3.1/../../../../arm-none-eabi/lib/thumb/v7e-m/fpv5/hard/libc_nano.a(lib_a-locale.o)
 .rodata._ctype_
                0x000000000800f477      0x101 /home/zhonx/.opt/AC6/plugins/fr.ac6.mcu.externaltools.arm-none.linux64_1.17.0.201812190825/tools/compiler/bin/../lib/gcc/arm-none-eabi/7.3.1/../../../../arm-none-eabi/lib/thumb/v7e-m/fpv5/hard/libc_nano.a(lib_a-ctype_.o)
                0x000000000800f477                _ctype_
                0x000000000800f578                . = ALIGN (0x4)

.ARM.extab
 *(.ARM.extab* .gnu.linkonce.armextab.*)

.ARM            0x000000000800f578        0x8
                0x000000000800f578                __exidx_start = .
 *(.ARM.exidx*)
 .ARM.exidx     0x000000000800f578        0x8 /home/zhonx/.opt/AC6/plugins/fr.ac6.mcu.externaltools.arm-none.linux64_1.17.0.201812190825/tools/compiler/bin/../lib/gcc/arm-none-eabi/7.3.1/thumb/v7e-m/fpv5/hard/libgcc.a(_udivmoddi4.o)
                0x000000000800f580                __exidx_end = .

.rel.dyn        0x000000000800f580        0x0
 .rel.iplt      0x000000000800f580        0x0 /home/zhonx/.opt/AC6/plugins/fr.ac6.mcu.externaltools.arm-none.linux64_1.17.0.201812190825/tools/compiler/bin/../lib/gcc/arm-none-eabi/7.3.1/thumb/v7e-m/fpv5/hard/crtbegin.o

.preinit_array  0x000000000800f580        0x0
                0x000000000800f580                PROVIDE (__preinit_array_start = .)
 *(.preinit_array*)
                0x000000000800f580                PROVIDE (__preinit_array_end = .)

.init_array     0x000000000800f580        0x4
                0x000000000800f580                PROVIDE (__init_array_start = .)
 *(SORT_BY_NAME(.init_array.*))
 *(.init_array*)
 .init_array    0x000000000800f580        0x4 /home/zhonx/.opt/AC6/plugins/fr.ac6.mcu.externaltools.arm-none.linux64_1.17.0.201812190825/tools/compiler/bin/../lib/gcc/arm-none-eabi/7.3.1/thumb/v7e-m/fpv5/hard/crtbegin.o
                0x000000000800f584                PROVIDE (__init_array_end = .)

.fini_array     0x000000000800f584        0x4
                [!provide]                        PROVIDE (__fini_array_start = .)
 *(SORT_BY_NAME(.fini_array.*))
 *(.fini_array*)
 .fini_array    0x000000000800f584        0x4 /home/zhonx/.opt/AC6/plugins/fr.ac6.mcu.externaltools.arm-none.linux64_1.17.0.201812190825/tools/compiler/bin/../lib/gcc/arm-none-eabi/7.3.1/thumb/v7e-m/fpv5/hard/crtbegin.o
                [!provide]                        PROVIDE (__fini_array_end = .)
                0x000000000800f588                _sidata = LOADADDR (.data)

.data           0x0000000024000000      0x1e4 load address 0x000000000800f588
                0x0000000024000000                . = ALIGN (0x4)
                0x0000000024000000                _sdata = .
 *(.data)
 *(.data*)
 .data.SystemCoreClock
                0x0000000024000000        0x4 Core/Src/system_stm32h7xx.o
                0x0000000024000000                SystemCoreClock
 .data.SystemD2Clock
                0x0000000024000004        0x4 Core/Src/system_stm32h7xx.o
                0x0000000024000004                SystemD2Clock
 .data.uwTickFreq
                0x0000000024000008        0x1 Drivers/STM32H7xx_HAL_Driver/Src/stm32h7xx_hal.o
 *fill*         0x0000000024000009        0x3 
 .data.uwTickPrio
                0x000000002400000c        0x4 Drivers/STM32H7xx_HAL_Driver/Src/stm32h7xx_hal.o
 .data.__fdlib_version
                0x0000000024000010        0x1 /home/zhonx/.opt/AC6/plugins/fr.ac6.mcu.externaltools.arm-none.linux64_1.17.0.201812190825/tools/compiler/bin/../lib/gcc/arm-none-eabi/7.3.1/../../../../arm-none-eabi/lib/thumb/v7e-m/fpv5/hard/libm.a(lib_a-s_lib_ver.o)
                0x0000000024000010                __fdlib_version
 *fill*         0x0000000024000011        0x3 
 .data._impure_ptr
                0x0000000024000014        0x4 /home/zhonx/.opt/AC6/plugins/fr.ac6.mcu.externaltools.arm-none.linux64_1.17.0.201812190825/tools/compiler/bin/../lib/gcc/arm-none-eabi/7.3.1/../../../../arm-none-eabi/lib/thumb/v7e-m/fpv5/hard/libc_nano.a(lib_a-impure.o)
                0x0000000024000014                _impure_ptr
 .data.impure_data
                0x0000000024000018       0x60 /home/zhonx/.opt/AC6/plugins/fr.ac6.mcu.externaltools.arm-none.linux64_1.17.0.201812190825/tools/compiler/bin/../lib/gcc/arm-none-eabi/7.3.1/../../../../arm-none-eabi/lib/thumb/v7e-m/fpv5/hard/libc_nano.a(lib_a-impure.o)
 .data.__global_locale
                0x0000000024000078      0x16c /home/zhonx/.opt/AC6/plugins/fr.ac6.mcu.externaltools.arm-none.linux64_1.17.0.201812190825/tools/compiler/bin/../lib/gcc/arm-none-eabi/7.3.1/../../../../arm-none-eabi/lib/thumb/v7e-m/fpv5/hard/libc_nano.a(lib_a-locale.o)
                0x0000000024000078                __global_locale
                0x00000000240001e4                . = ALIGN (0x4)
                0x00000000240001e4                _edata = .

.igot.plt       0x00000000240001e4        0x0 load address 0x000000000800f76c
 .igot.plt      0x00000000240001e4        0x0 /home/zhonx/.opt/AC6/plugins/fr.ac6.mcu.externaltools.arm-none.linux64_1.17.0.201812190825/tools/compiler/bin/../lib/gcc/arm-none-eabi/7.3.1/thumb/v7e-m/fpv5/hard/crtbegin.o
                0x00000000240001e4                . = ALIGN (0x4)

.bss            0x00000000240001e4     0x6864 load address 0x000000000800f76c
                0x00000000240001e4                _sbss = .
                0x00000000240001e4                __bss_start__ = _sbss
 *(.bss)
 .bss           0x00000000240001e4       0x1c /home/zhonx/.opt/AC6/plugins/fr.ac6.mcu.externaltools.arm-none.linux64_1.17.0.201812190825/tools/compiler/bin/../lib/gcc/arm-none-eabi/7.3.1/thumb/v7e-m/fpv5/hard/crtbegin.o
 *(.bss*)
 .bss.HAL_RCC_ADC12_CLK_ENABLED
                0x0000000024000200        0x4 Core/Src/adc.o
 .bss.old_tick.12880
                0x0000000024000204        0x4 Core/Src/main.o
 .bss.heap_end.7234
                0x0000000024000208        0x4 Core/Src/syscalls.o
 .bss.uwTick    0x000000002400020c        0x4 Drivers/STM32H7xx_HAL_Driver/Src/stm32h7xx_hal.o
 .bss.callback_cnt.13316
                0x0000000024000210        0x4 Peripheral/Src/cis.o
 .bss.cis_adc_cal.13313
                0x0000000024000214        0x4 Peripheral/Src/cis.o
 .bss.cis_adc_data
                0x0000000024000218     0x5070 Peripheral/Src/cis.o
                0x0000000024000218                cis_adc_data
 .bss.cis_dbg_cnt
                0x0000000024005288        0x4 Peripheral/Src/cis.o
                0x0000000024005288                cis_dbg_cnt
 .bss.cis_dbg_data
                0x000000002400528c        0x4 Peripheral/Src/cis.o
                0x000000002400528c                cis_dbg_data
 .bss.cis_dbg_data_cal
                0x0000000024005290        0x4 Peripheral/Src/cis.o
                0x0000000024005290                cis_dbg_data_cal
 .bss.cis_read_step.13318
                0x0000000024005294        0x1 Peripheral/Src/cis.o
 *fill*         0x0000000024005295        0x3 
 .bss.cnt.13317
                0x0000000024005298        0x4 Peripheral/Src/cis.o
 .bss.pixel_cnt.13315
                0x000000002400529c        0x4 Peripheral/Src/cis.o
 .bss.pixel_per_comma.13314
                0x00000000240052a0        0x4 Peripheral/Src/cis.o
 .bss.temp_data.13312
                0x00000000240052a4        0x4 Peripheral/Src/cis.o
 .bss.rfft_cnt  0x00000000240052a8        0x4 Peripheral/Src/synth.o
                0x00000000240052a8                rfft_cnt
 .bss.unitary_waveform
                0x00000000240052ac        0x4 Peripheral/Src/synth.o
                0x00000000240052ac                unitary_waveform
 .bss.__malloc_free_list
                0x00000000240052b0        0x4 /home/zhonx/.opt/AC6/plugins/fr.ac6.mcu.externaltools.arm-none.linux64_1.17.0.201812190825/tools/compiler/bin/../lib/gcc/arm-none-eabi/7.3.1/../../../../arm-none-eabi/lib/thumb/v7e-m/fpv5/hard/libc_nano.a(lib_a-nano-mallocr.o)
                0x00000000240052b0                __malloc_free_list
 .bss.__malloc_sbrk_start
                0x00000000240052b4        0x4 /home/zhonx/.opt/AC6/plugins/fr.ac6.mcu.externaltools.arm-none.linux64_1.17.0.201812190825/tools/compiler/bin/../lib/gcc/arm-none-eabi/7.3.1/../../../../arm-none-eabi/lib/thumb/v7e-m/fpv5/hard/libc_nano.a(lib_a-nano-mallocr.o)
                0x00000000240052b4                __malloc_sbrk_start
 *(COMMON)
 COMMON         0x00000000240052b8       0xc8 Core/Src/adc.o
                0x00000000240052b8                hadc2
                0x000000002400531c                hadc1
 COMMON         0x0000000024005380       0x14 Core/Src/dac.o
                0x0000000024005380                hdac1
 COMMON         0x0000000024005394       0xdc Core/Src/hrtim.o
                0x0000000024005394                hhrtim
 COMMON         0x0000000024005470       0xc0 Core/Src/tim.o
                0x0000000024005470                htim15
                0x00000000240054b0                htim6
                0x00000000240054f0                htim1
 COMMON         0x0000000024005530      0x104 Core/Src/usart.o
                0x0000000024005530                huart3
                0x00000000240055bc                hdma_usart3_tx
 COMMON         0x0000000024005634     0x1410 Peripheral/Src/synth.o
                0x0000000024005634                waves